Archive member included to satisfy reference by file (symbol)

boot/boot-armv7.a(boot-armv7.o)
                              (_start)
boot/boot-armv7.a(hardware_detect.armv7.o)
                              kernel_main.armv7.o (hardware_detect)
boot/boot-armv7.a(device_tree.armv7.o)
                              boot/boot-armv7.a(hardware_detect.armv7.o) (devicetree_setup)
interrupts/interrupts-armv7.a(interrupts.armv7.o)
                              kernel_main.armv7.o (platform_irq_enable)
interrupts/interrupts-armv7.a(irq_handler.armv7.o)
                              boot/boot-armv7.a(boot-armv7.o) (interrupt_handler)
interrupts/interrupts-armv7.a(gic-400.armv7.o)
                              interrupts/interrupts-armv7.a(interrupts.armv7.o) (gic400_init)
syscalls/syscalls-armv7.a(swi_handler.armv7.o)
                              boot/boot-armv7.a(boot-armv7.o) (swi_handler)
syscalls/syscalls-armv7.a(syscalls.armv7.o)
                              syscalls/syscalls-armv7.a(swi_handler.armv7.o) (swi_handler_c)
syscalls/syscalls-armv7.a(nanosleep.armv7.o)
                              syscalls/syscalls-armv7.a(syscalls.armv7.o) (nanosleep)
syscalls/syscalls-armv7.a(sysinfo.armv7.o)
                              syscalls/syscalls-armv7.a(syscalls.armv7.o) (sysinfo)
syscalls/syscalls-armv7.a(times.armv7.o)
                              syscalls/syscalls-armv7.a(syscalls.armv7.o) (times)
syscalls/syscalls-armv7.a(uname.armv7.o)
                              syscalls/syscalls-armv7.a(syscalls.armv7.o) (uname)
fs/files.armv7.o              syscalls/syscalls-armv7.a(syscalls.armv7.o) (close)
fs/romfs/romfs-armv7.a(romfs.armv7.o)
                              fs/files.armv7.o (romfs_stat)
drivers/drivers.armv7.o       kernel_main.armv7.o (drivers_init_all)
drivers/bcm2835/bcm2835.armv7.a(bcm2835_io.armv7.o)
                              interrupts/interrupts-armv7.a(interrupts.armv7.o) (bcm2835_write)
drivers/block/block.armv7.a(ramdisk.armv7.o)
                              fs/romfs/romfs-armv7.a(romfs.armv7.o) (ramdisk_read)
drivers/console/console.armv7.a(console_io.armv7.o)
                              fs/files.armv7.o (console_write)
drivers/framebuffer/framebuffer.armv7.a(framebuffer.armv7.o)
                              drivers/drivers.armv7.o (framebuffer_init)
drivers/framebuffer/framebuffer.armv7.a(framebuffer_console.armv7.o)
                              syscalls/syscalls-armv7.a(syscalls.armv7.o) (framebuffer_console_setfont)
drivers/led/led.armv7.a(led.armv7.o)
                              drivers/drivers.armv7.o (led_init)
drivers/serial/serial.armv7.a(serial.armv7.o)
                              kernel_main.armv7.o (serial_init)
drivers/timer/timer.armv7.a(sp804_timer.armv7.o)
                              drivers/drivers.armv7.o (timer_init)
drivers/firmware/firmware.armv7.a(mailbox.armv7.o)
                              drivers/framebuffer/framebuffer.armv7.a(framebuffer.armv7.o) (mailbox_write)
drivers/gpio/gpio.armv7.a(gpio.armv7.o)
                              drivers/led/led.armv7.a(led.armv7.o) (gpio_request)
drivers/serial/serial.armv7.a(pl011_uart.armv7.o)
                              drivers/serial/serial.armv7.a(serial.armv7.o) (pl011_uart_init)
drivers/serial/serial.armv7.a(mini_uart.armv7.o)
                              drivers/serial/serial.armv7.a(serial.armv7.o) (mini_uart_init)
memory/memory-armv7.a(memory.armv7.o)
                              syscalls/syscalls-armv7.a(sysinfo.armv7.o) (memory_total_free)
memory/memory-armv7.a(armv7-mmu.o)
                              memory/memory-armv7.a(memory.armv7.o) (enable_mmu)
processes/processes-armv7.a(process.armv7.o)
                              syscalls/syscalls-armv7.a(sysinfo.armv7.o) (process_get_totals)
processes/processes-armv7.a(exec.armv7.o)
                              syscalls/syscalls-armv7.a(syscalls.armv7.o) (execve)
processes/processes-armv7.a(exit.armv7.o)
                              interrupts/interrupts-armv7.a(interrupts.armv7.o) (exit)
processes/processes-armv7.a(idle_task.armv7.o)
                              kernel_main.armv7.o (create_idle_task)
processes/processes-armv7.a(scheduler.armv7.o)
                              interrupts/interrupts-armv7.a(interrupts.armv7.o) (schedule)
processes/processes-armv7.a(userspace.armv7.o)
                              kernel_main.armv7.o (start_userspace)
processes/processes-armv7.a(vfork.armv7.o)
                              syscalls/syscalls-armv7.a(syscalls.armv7.o) (vfork)
processes/processes-armv7.a(waitpid.armv7.o)
                              processes/processes-armv7.a(exit.armv7.o) (waitpid_done)
processes/processes-armv7.a(waitqueue.armv7.o)
                              drivers/console/console.armv7.a(console_io.armv7.o) (wait_queue_add)
debug/debug-armv7.a(panic.armv7.o)
                              drivers/console/console.armv7.a(console_io.armv7.o) (dump_saved_user_state)
time/time-armv7.a(time.armv7.o)
                              syscalls/syscalls-armv7.a(syscalls.armv7.o) (time_since_boot)
lib/lib-armv7.a(memcpy.armv7.o)
                              boot/boot-armv7.a(device_tree.armv7.o) (memcpy)
lib/lib-armv7.a(memset.armv7.o)
                              syscalls/syscalls-armv7.a(sysinfo.armv7.o) (memset)
lib/lib-armv7.a(printk.armv7.o)
                              kernel_main.armv7.o (printk)
lib/lib-armv7.a(string.armv7.o)
                              boot/boot-armv7.a(device_tree.armv7.o) (strncmp)

Memory Configuration

Name             Origin             Length             Attributes
*default*        0x00000000         0xffffffff

Linker script and memory map

                0x00008000                        . = 0x8000
                0x00008000                        __start = .
                0x00008000                        __text_start = .

.text           0x00008000     0x6874
 *(.text.boot)
 .text.boot     0x00008000      0x11c boot/boot-armv7.a(boot-armv7.o)
                0x00008000                _start
 *(.text)
 .text          0x0000811c      0x1d4 kernel_main.armv7.o
                0x0000811c                print_boot_message
                0x000081e8                kernel_main
 .text          0x000082f0        0x0 boot/boot-armv7.a(boot-armv7.o)
 .text          0x000082f0      0x6a0 boot/boot-armv7.a(hardware_detect.armv7.o)
                0x000082f0                hardware_detect
                0x000085e4                hardware_print_model
                0x000087e4                hardware_print_commandline
                0x00008838                hardware_get_type
                0x00008848                hardware_get_memory
                0x00008898                hardware_setup_vars
 .text          0x00008990      0x9dc boot/boot-armv7.a(device_tree.armv7.o)
                0x00008ccc                devicetree_setup
                0x00008d80                devicetree_find_reserved
                0x00008ee0                devicetree_find_string
                0x00008f48                devicetree_find_int
                0x00008fb0                devicetree_find_int64
                0x00009020                devicetree_get_memory
 .text          0x0000936c      0x32c interrupts/interrupts-armv7.a(interrupts.armv7.o)
                0x0000936c                platform_irq_enable
                0x000093ac                irq_enable
                0x00009414                irq_disable
                0x0000947c                interrupt_handler_c
                0x0000956c                fiq_handler
                0x00009584                data_abort_handler
                0x0000960c                prefetch_abort_handler
                0x0000967c                undef_handler
 .text          0x00009698       0x40 interrupts/interrupts-armv7.a(irq_handler.armv7.o)
                0x00009698                interrupt_handler
 .text          0x000096d8      0x11c interrupts/interrupts-armv7.a(gic-400.armv7.o)
                0x000096d8                gic400_init
 .text          0x000097f4       0x40 syscalls/syscalls-armv7.a(swi_handler.armv7.o)
                0x000097f4                swi_handler
 .text          0x00009834      0x654 syscalls/syscalls-armv7.a(syscalls.armv7.o)
                0x00009834                swi_handler_c
 .text          0x00009e88       0x5c syscalls/syscalls-armv7.a(nanosleep.armv7.o)
                0x00009e88                nanosleep
 .text          0x00009ee4       0x7c syscalls/syscalls-armv7.a(sysinfo.armv7.o)
                0x00009ee4                sysinfo
 .text          0x00009f60       0x2c syscalls/syscalls-armv7.a(times.armv7.o)
                0x00009f60                times
 .text          0x00009f8c       0x88 syscalls/syscalls-armv7.a(uname.armv7.o)
                0x00009f8c                uname
 .text          0x0000a014      0x3c4 fs/files.armv7.o
                0x0000a014                fd_free
                0x0000a01c                fd_allocate
                0x0000a074                get_inode
                0x0000a120                close
                0x0000a128                open
                0x0000a148                read
                0x0000a1d8                write
                0x0000a210                stat
                0x0000a238                mount
                0x0000a280                fd_table_init
                0x0000a2b4                getdents
                0x0000a324                chdir
                0x0000a384                getcwd
                0x0000a3cc                statfs
 .text          0x0000a3d8      0x640 fs/romfs/romfs-armv7.a(romfs.armv7.o)
                0x0000a3d8                romfs_stat
                0x0000a518                romfs_get_inode
                0x0000a64c                romfs_mount
                0x0000a724                romfs_statfs
                0x0000a7d8                romfs_read_file
                0x0000a854                romfs_getdents
 .text          0x0000aa18       0x28 drivers/drivers.armv7.o
                0x0000aa18                drivers_init_all
 .text          0x0000aa40       0x30 drivers/bcm2835/bcm2835.armv7.a(bcm2835_io.armv7.o)
                0x0000aa40                bcm2835_write
                0x0000aa58                bcm2835_read
 .text          0x0000aa70       0x88 drivers/block/block.armv7.a(ramdisk.armv7.o)
                0x0000aa70                ramdisk_read
                0x0000aac8                ramdisk_init
 .text          0x0000aaf8      0x14c drivers/console/console.armv7.a(console_io.armv7.o)
                0x0000aaf8                console_insert_char
                0x0000ab84                console_write
                0x0000aba4                console_read
 .text          0x0000ac44      0x540 drivers/framebuffer/framebuffer.armv7.a(framebuffer.armv7.o)
                0x0000aca0                framebuffer_ready
                0x0000acb0                framebuffer_init
                0x0000ae44                framebuffer_hline
                0x0000aeb8                framebuffer_vline
                0x0000af28                framebuffer_clear_screen
                0x0000afc4                framebuffer_putpixel
                0x0000b008                framebuffer_push
                0x0000b03c                framebuffer_gradient
                0x0000b0f4                framebuffer_load
 .text          0x0000b184      0xa70 drivers/framebuffer/framebuffer.armv7.a(framebuffer_console.armv7.o)
                0x0000b24c                framebuffer_console_putchar
                0x0000b27c                framebuffer_console_clear
                0x0000b2dc                framebuffer_console_home
                0x0000b2f4                framebuffer_console_push
                0x0000b3c0                framebuffer_console_setfont
                0x0000b3f8                framebuffer_console_write
                0x0000bb54                framebuffer_console_val
                0x0000bb7c                framebuffer_console_init
 .text          0x0000bbf4      0x150 drivers/led/led.armv7.a(led.armv7.o)
                0x0000bbf4                led_init
                0x0000bcc0                led_on
                0x0000bd04                led_off
 .text          0x0000bd44       0xe4 drivers/serial/serial.armv7.a(serial.armv7.o)
                0x0000bd44                serial_init
                0x0000bda0                serial_write
                0x0000be08                serial_interrupt_handler
                0x0000be18                serial_enable_interrupts
 .text          0x0000be28      0x124 drivers/timer/timer.armv7.a(sp804_timer.armv7.o)
                0x0000be28                timer_init
                0x0000be78                timer_interrupt_handler
                0x0000bf14                timer_sleep_until
 .text          0x0000bf4c      0x128 drivers/firmware/firmware.armv7.a(mailbox.armv7.o)
                0x0000bf4c                mailbox_write
                0x0000bfe4                mailbox_read
 .text          0x0000c074      0x3c8 drivers/gpio/gpio.armv7.a(gpio.armv7.o)
                0x0000c074                gpio_request
                0x0000c110                gpio_free
                0x0000c17c                gpio_direction_input
                0x0000c1f4                gpio_direction_output
                0x0000c270                gpio_to_irq
                0x0000c278                gpio_get_value
                0x0000c2d8                gpio_set_value
                0x0000c374                gpio_set_falling
                0x0000c3e0                gpio_clear_interrupt
 .text          0x0000c43c      0x440 drivers/serial/serial.armv7.a(pl011_uart.armv7.o)
                0x0000c43c                pl011_uart_putc
                0x0000c470                pl011_uart_getc
                0x0000c49c                pl011_uart_getc_noblock
                0x0000c4d0                pl011_uart_enable_interrupts
                0x0000c554                pl011_uart_interrupt_handler
                0x0000c5a8                pl011_uart_init
                0x0000c70c                pl011_uart_putc_extra
                0x0000c740                pl011_write
                0x0000c798                old_pl011_uart_init
 .text          0x0000c87c      0x2b0 drivers/serial/serial.armv7.a(mini_uart.armv7.o)
                0x0000c87c                mini_uart_putc
                0x0000c8b0                mini_uart_getc
                0x0000c8dc                mini_uart_getc_noblock
                0x0000c910                mini_uart_enable_interrupts
                0x0000c994                mini_uart_interrupt_handler
                0x0000c9e8                mini_uart_init
 .text          0x0000cb2c      0x330 memory/memory-armv7.a(memory.armv7.o)
                0x0000cb2c                memory_total_free
                0x0000cb80                memory_allocate
                0x0000cc70                memory_free
                0x0000cce8                memory_get_total
                0x0000ccf8                memory_hierarchy_init
 .text          0x0000ce5c      0x378 memory/memory-armv7.a(armv7-mmu.o)
                0x0000ce5c                disable_l1_dcache
                0x0000ce6c                invalidate_l1_dcache
                0x0000cf04                enable_mmu
                0x0000d164                enable_l1_dcache
                0x0000d174                enable_l1_icache
                0x0000d178                disable_l1_icache
                0x0000d17c                enable_branch_predictor
                0x0000d180                disable_branch_predictor
                0x0000d184                l1_cache_detect
                0x0000d188                flush_icache
                0x0000d1a0                flush_dcache
 .text          0x0000d1d4      0x308 processes/processes-armv7.a(process.armv7.o)
                0x0000d1d4                process_get_totals
                0x0000d214                process_lookup
                0x0000d248                process_lookup_child
                0x0000d284                process_create
                0x0000d3b4                process_destroy
                0x0000d474                process_save
                0x0000d498                process_switch
 .text          0x0000d4dc      0x384 processes/processes-armv7.a(exec.armv7.o)
                0x0000d4dc                execve
 .text          0x0000d860       0x28 processes/processes-armv7.a(exit.armv7.o)
                0x0000d860                exit
 .text          0x0000d888       0xe4 processes/processes-armv7.a(idle_task.armv7.o)
                0x0000d8c0                create_idle_task
 .text          0x0000d96c       0xc4 processes/processes-armv7.a(scheduler.armv7.o)
                0x0000d96c                schedule
                0x0000da20                sched_yield
 .text          0x0000da30       0xd0 processes/processes-armv7.a(userspace.armv7.o)
                0x0000da30                enter_userspace
                0x0000da60                start_userspace
 .text          0x0000db00       0xa4 processes/processes-armv7.a(vfork.armv7.o)
                0x0000db00                vfork
 .text          0x0000dba4       0xf4 processes/processes-armv7.a(waitpid.armv7.o)
                0x0000dba4                waitpid_done
                0x0000dbbc                waitpid
 .text          0x0000dc98       0x8c processes/processes-armv7.a(waitqueue.armv7.o)
                0x0000dc98                wait_queue_add
                0x0000dce4                wait_queue_wake
 .text          0x0000dd24      0x208 debug/debug-armv7.a(panic.armv7.o)
                0x0000dd24                dump_saved_user_state
                0x0000ddbc                dump_saved_kernel_state
                0x0000de40                dump_kernel_regs
                0x0000ded0                dump_memory
 .text          0x0000df2c       0x60 time/time-armv7.a(time.armv7.o)
                0x0000df2c                time_since_boot
                0x0000df40                ticks_since_boot
                0x0000df50                clock_gettime
 .text          0x0000df8c       0x78 lib/lib-armv7.a(memcpy.armv7.o)
                0x0000df8c                memcpy
                0x0000dfb4                memcpy_4byte
 .text          0x0000e004      0x154 lib/lib-armv7.a(memset.armv7.o)
                0x0000e004                memset_byte
                0x0000e02c                memset_4byte
                0x0000e0b8                memset
 .text          0x0000e158      0x4f4 lib/lib-armv7.a(printk.armv7.o)
                0x0000e158                vsprintf
                0x0000e58c                printk
                0x0000e5d0                serial_printk
                0x0000e614                sprintf
 .text          0x0000e64c      0x228 lib/lib-armv7.a(string.armv7.o)
                0x0000e64c                strncmp
                0x0000e690                memcmp
                0x0000e6d8                strncpy
                0x0000e738                strlcpy
                0x0000e7a8                strncat
                0x0000e840                strlen

.glue_7         0x0000e874        0x0
 .glue_7        0x0000e874        0x0 linker stubs

.glue_7t        0x0000e874        0x0
 .glue_7t       0x0000e874        0x0 linker stubs

.vfp11_veneer   0x0000e874        0x0
 .vfp11_veneer  0x0000e874        0x0 linker stubs

.v4_bx          0x0000e874        0x0
 .v4_bx         0x0000e874        0x0 linker stubs

.iplt           0x0000e874        0x0
 .iplt          0x0000e874        0x0 kernel_main.armv7.o
                0x0000f000                        . = ALIGN (0x1000)
                0x0000f000                        __text_end = .
                0x0000f000                        __rodata_start = .

.rodata         0x0000f000       0x40
 *(.rodata)
 .rodata        0x0000f000       0x40 drivers/framebuffer/framebuffer.armv7.a(framebuffer_console.armv7.o)

.rodata.str1.4  0x0000f040     0x1388
 .rodata.str1.4
                0x0000f040      0x1de kernel_main.armv7.o
 *fill*         0x0000f21e        0x2 
 .rodata.str1.4
                0x0000f220      0x16a boot/boot-armv7.a(hardware_detect.armv7.o)
                                0x172 (size before relaxing)
 *fill*         0x0000f38a        0x2 
 .rodata.str1.4
                0x0000f38c      0x359 boot/boot-armv7.a(device_tree.armv7.o)
 *fill*         0x0000f6e5        0x3 
 .rodata.str1.4
                0x0000f6e8      0x123 interrupts/interrupts-armv7.a(interrupts.armv7.o)
 *fill*         0x0000f80b        0x1 
 .rodata.str1.4
                0x0000f80c      0x140 syscalls/syscalls-armv7.a(syscalls.armv7.o)
 .rodata.str1.4
                0x0000f94c       0x39 syscalls/syscalls-armv7.a(uname.armv7.o)
                                 0x3d (size before relaxing)
 *fill*         0x0000f985        0x3 
 .rodata.str1.4
                0x0000f988       0x8b fs/files.armv7.o
                                 0x93 (size before relaxing)
 *fill*         0x0000fa13        0x1 
 .rodata.str1.4
                0x0000fa14       0x59 fs/romfs/romfs-armv7.a(romfs.armv7.o)
 *fill*         0x0000fa6d        0x3 
 .rodata.str1.4
                0x0000fa70       0x57 drivers/block/block.armv7.a(ramdisk.armv7.o)
 *fill*         0x0000fac7        0x1 
 .rodata.str1.4
                0x0000fac8      0x105 drivers/framebuffer/framebuffer.armv7.a(framebuffer.armv7.o)
 *fill*         0x0000fbcd        0x3 
 .rodata.str1.4
                0x0000fbd0       0x62 drivers/framebuffer/framebuffer.armv7.a(framebuffer_console.armv7.o)
 *fill*         0x0000fc32        0x2 
 .rodata.str1.4
                0x0000fc34       0x56 drivers/led/led.armv7.a(led.armv7.o)
 *fill*         0x0000fc8a        0x2 
 .rodata.str1.4
                0x0000fc8c      0x11d drivers/firmware/firmware.armv7.a(mailbox.armv7.o)
 *fill*         0x0000fda9        0x3 
 .rodata.str1.4
                0x0000fdac       0x7b drivers/gpio/gpio.armv7.a(gpio.armv7.o)
 *fill*         0x0000fe27        0x1 
 .rodata.str1.4
                0x0000fe28       0x40 drivers/serial/serial.armv7.a(pl011_uart.armv7.o)
 .rodata.str1.4
                0x0000fe68       0x40 drivers/serial/serial.armv7.a(mini_uart.armv7.o)
 .rodata.str1.4
                0x0000fe68      0x124 memory/memory-armv7.a(memory.armv7.o)
 .rodata.str1.4
                0x0000ff8c      0x19f memory/memory-armv7.a(armv7-mmu.o)
 *fill*         0x0001012b        0x1 
 .rodata.str1.4
                0x0001012c       0x8d processes/processes-armv7.a(process.armv7.o)
 *fill*         0x000101b9        0x3 
 .rodata.str1.4
                0x000101bc       0x57 processes/processes-armv7.a(exec.armv7.o)
 *fill*         0x00010213        0x1 
 .rodata.str1.4
                0x00010214       0x39 processes/processes-armv7.a(idle_task.armv7.o)
 *fill*         0x0001024d        0x3 
 .rodata.str1.4
                0x00010250       0x32 processes/processes-armv7.a(userspace.armv7.o)
                                 0x36 (size before relaxing)
 *fill*         0x00010282        0x2 
 .rodata.str1.4
                0x00010284       0x17 processes/processes-armv7.a(vfork.armv7.o)
 *fill*         0x0001029b        0x1 
 .rodata.str1.4
                0x0001029c       0x2d processes/processes-armv7.a(waitpid.armv7.o)
 *fill*         0x000102c9        0x3 
 .rodata.str1.4
                0x000102cc       0xfc debug/debug-armv7.a(panic.armv7.o)
                                0x100 (size before relaxing)

.rel.dyn        0x000103c8        0x0
 .rel.iplt      0x000103c8        0x0 kernel_main.armv7.o
                0x00011000                        . = ALIGN (0x1000)
                0x00011000                        __rodata_end = .
                0x00011000                        __data_start = .

.data           0x00011000    0x20c24
 *(.data)
 .data          0x00011000    0x1fc00 kernel_main.armv7.o
                0x00011000                initrd_image
 .data          0x00030c00        0x0 boot/boot-armv7.a(boot-armv7.o)
 .data          0x00030c00        0x4 boot/boot-armv7.a(hardware_detect.armv7.o)
                0x00030c00                hardware_type
 .data          0x00030c04        0x0 boot/boot-armv7.a(device_tree.armv7.o)
 .data          0x00030c04        0x0 interrupts/interrupts-armv7.a(interrupts.armv7.o)
 .data          0x00030c04        0x0 interrupts/interrupts-armv7.a(irq_handler.armv7.o)
 .data          0x00030c04        0x0 interrupts/interrupts-armv7.a(gic-400.armv7.o)
 .data          0x00030c04        0x0 syscalls/syscalls-armv7.a(swi_handler.armv7.o)
 .data          0x00030c04        0x0 syscalls/syscalls-armv7.a(syscalls.armv7.o)
 .data          0x00030c04        0x0 syscalls/syscalls-armv7.a(nanosleep.armv7.o)
 .data          0x00030c04        0x0 syscalls/syscalls-armv7.a(sysinfo.armv7.o)
 .data          0x00030c04        0x0 syscalls/syscalls-armv7.a(times.armv7.o)
 .data          0x00030c04        0x0 syscalls/syscalls-armv7.a(uname.armv7.o)
 .data          0x00030c04        0x0 fs/files.armv7.o
 .data          0x00030c04        0x0 fs/romfs/romfs-armv7.a(romfs.armv7.o)
 .data          0x00030c04        0x0 drivers/drivers.armv7.o
 .data          0x00030c04        0x0 drivers/bcm2835/bcm2835.armv7.a(bcm2835_io.armv7.o)
 .data          0x00030c04        0x0 drivers/block/block.armv7.a(ramdisk.armv7.o)
 .data          0x00030c04        0x0 drivers/console/console.armv7.a(console_io.armv7.o)
 .data          0x00030c04        0x0 drivers/framebuffer/framebuffer.armv7.a(framebuffer.armv7.o)
 .data          0x00030c04     0x1010 drivers/framebuffer/framebuffer.armv7.a(framebuffer_console.armv7.o)
                0x00030c14                default_font
 .data          0x00031c14        0x8 drivers/led/led.armv7.a(led.armv7.o)
 .data          0x00031c1c        0x0 drivers/serial/serial.armv7.a(serial.armv7.o)
 .data          0x00031c1c        0x4 drivers/timer/timer.armv7.a(sp804_timer.armv7.o)
                0x00031c1c                blinking_enabled
 .data          0x00031c20        0x0 drivers/firmware/firmware.armv7.a(mailbox.armv7.o)
 .data          0x00031c20        0x0 drivers/gpio/gpio.armv7.a(gpio.armv7.o)
 .data          0x00031c20        0x0 drivers/serial/serial.armv7.a(pl011_uart.armv7.o)
 .data          0x00031c20        0x0 drivers/serial/serial.armv7.a(mini_uart.armv7.o)
 .data          0x00031c20        0x0 memory/memory-armv7.a(memory.armv7.o)
 .data          0x00031c20        0x0 memory/memory-armv7.a(armv7-mmu.o)
 .data          0x00031c20        0x0 processes/processes-armv7.a(process.armv7.o)
 .data          0x00031c20        0x0 processes/processes-armv7.a(exec.armv7.o)
 .data          0x00031c20        0x0 processes/processes-armv7.a(exit.armv7.o)
 .data          0x00031c20        0x0 processes/processes-armv7.a(idle_task.armv7.o)
 .data          0x00031c20        0x4 processes/processes-armv7.a(scheduler.armv7.o)
                0x00031c20                scheduling_enabled
 .data          0x00031c24        0x0 processes/processes-armv7.a(userspace.armv7.o)
 .data          0x00031c24        0x0 processes/processes-armv7.a(vfork.armv7.o)
 .data          0x00031c24        0x0 processes/processes-armv7.a(waitpid.armv7.o)
 .data          0x00031c24        0x0 processes/processes-armv7.a(waitqueue.armv7.o)
 .data          0x00031c24        0x0 debug/debug-armv7.a(panic.armv7.o)
 .data          0x00031c24        0x0 time/time-armv7.a(time.armv7.o)
 .data          0x00031c24        0x0 lib/lib-armv7.a(memcpy.armv7.o)
 .data          0x00031c24        0x0 lib/lib-armv7.a(memset.armv7.o)
 .data          0x00031c24        0x0 lib/lib-armv7.a(printk.armv7.o)
 .data          0x00031c24        0x0 lib/lib-armv7.a(string.armv7.o)

.igot.plt       0x00031c24        0x0
 .igot.plt      0x00031c24        0x0 kernel_main.armv7.o
                0x00032000                        . = ALIGN (0x1000)
                0x00032000                        __data_end = .
                0x00032000                        __bss_start = .

.bss            0x00034000   0xc31008
                0x00034000                        bss = .
 *(.bss)
 .bss           0x00034000        0x0 kernel_main.armv7.o
 .bss           0x00034000        0x0 boot/boot-armv7.a(boot-armv7.o)
 .bss           0x00034000      0x410 boot/boot-armv7.a(hardware_detect.armv7.o)
                0x00034408                io_base
                0x0003440c                act_led_gpio
 .bss           0x00034410       0x2c boot/boot-armv7.a(device_tree.armv7.o)
                0x00034410                device_tree
 .bss           0x0003443c        0x0 interrupts/interrupts-armv7.a(interrupts.armv7.o)
 .bss           0x0003443c        0x0 interrupts/interrupts-armv7.a(irq_handler.armv7.o)
 .bss           0x0003443c        0x4 interrupts/interrupts-armv7.a(gic-400.armv7.o)
                0x0003443c                num_interrupts
 .bss           0x00034440        0x0 syscalls/syscalls-armv7.a(swi_handler.armv7.o)
 .bss           0x00034440        0x0 syscalls/syscalls-armv7.a(syscalls.armv7.o)
 .bss           0x00034440        0x0 syscalls/syscalls-armv7.a(nanosleep.armv7.o)
 .bss           0x00034440        0x0 syscalls/syscalls-armv7.a(sysinfo.armv7.o)
 .bss           0x00034440        0x0 syscalls/syscalls-armv7.a(times.armv7.o)
 .bss           0x00034440        0x0 syscalls/syscalls-armv7.a(uname.armv7.o)
 .bss           0x00034440      0x1c4 fs/files.armv7.o
                0x00034440                fd_table
                0x000345c4                superblock_table
 .bss           0x00034604        0x0 fs/romfs/romfs-armv7.a(romfs.armv7.o)
 .bss           0x00034604        0x0 drivers/drivers.armv7.o
 .bss           0x00034604        0x0 drivers/bcm2835/bcm2835.armv7.a(bcm2835_io.armv7.o)
 .bss           0x00034604        0xc drivers/block/block.armv7.a(ramdisk.armv7.o)
                0x00034604                ramdisk_info
 .bss           0x00034610      0x114 drivers/console/console.armv7.a(console_io.armv7.o)
                0x00034718                console_wait_queue
                0x0003471c                console_read_mutex
                0x00034720                console_write_mutex
 .bss           0x00034724   0xc0002c drivers/framebuffer/framebuffer.armv7.a(framebuffer.armv7.o)
                0x00034728                current_fb
 .bss           0x00c34750     0x1624 drivers/framebuffer/framebuffer.armv7.a(framebuffer_console.armv7.o)
 .bss           0x00c35d74        0x4 drivers/led/led.armv7.a(led.armv7.o)
 .bss           0x00c35d78       0x28 drivers/serial/serial.armv7.a(serial.armv7.o)
 .bss           0x00c35da0       0x10 drivers/timer/timer.armv7.a(sp804_timer.armv7.o)
                0x00c35da0                tick_counter
 .bss           0x00c35db0        0x0 drivers/firmware/firmware.armv7.a(mailbox.armv7.o)
 .bss           0x00c35db0        0x8 drivers/gpio/gpio.armv7.a(gpio.armv7.o)
 .bss           0x00c35db8        0x0 drivers/serial/serial.armv7.a(pl011_uart.armv7.o)
 .bss           0x00c35db8        0x0 drivers/serial/serial.armv7.a(mini_uart.armv7.o)
 .bss           0x00c35db8     0x8008 memory/memory-armv7.a(memory.armv7.o)
 *fill*         0x00c3ddc0     0x2240 
 .bss           0x00c40000     0x4000 memory/memory-armv7.a(armv7-mmu.o)
                0x00c40000                page_table
 .bss           0x00c44000    0x21004 processes/processes-armv7.a(process.armv7.o)
                0x00c44000                proc_first
                0x00c44008                current_process
                0x00c65000                userspace_started
 .bss           0x00c65004        0x0 processes/processes-armv7.a(exec.armv7.o)
 .bss           0x00c65004        0x0 processes/processes-armv7.a(exit.armv7.o)
 .bss           0x00c65004        0x0 processes/processes-armv7.a(idle_task.armv7.o)
 .bss           0x00c65004        0x0 processes/processes-armv7.a(scheduler.armv7.o)
 .bss           0x00c65004        0x0 processes/processes-armv7.a(userspace.armv7.o)
 .bss           0x00c65004        0x0 processes/processes-armv7.a(vfork.armv7.o)
 .bss           0x00c65004        0x4 processes/processes-armv7.a(waitpid.armv7.o)
                0x00c65004                waitpid_wait_queue
 .bss           0x00c65008        0x0 processes/processes-armv7.a(waitqueue.armv7.o)
 .bss           0x00c65008        0x0 debug/debug-armv7.a(panic.armv7.o)
 .bss           0x00c65008        0x0 time/time-armv7.a(time.armv7.o)
 .bss           0x00c65008        0x0 lib/lib-armv7.a(memcpy.armv7.o)
 .bss           0x00c65008        0x0 lib/lib-armv7.a(memset.armv7.o)
 .bss           0x00c65008        0x0 lib/lib-armv7.a(printk.armv7.o)
 .bss           0x00c65008        0x0 lib/lib-armv7.a(string.armv7.o)
                0x00c66000                        . = ALIGN (0x1000)
                0x00c66000                        __bss_end = .
                0x00c66000                        __end = .
LOAD kernel_main.armv7.o
LOAD boot/boot-armv7.a
LOAD interrupts/interrupts-armv7.a
LOAD syscalls/syscalls-armv7.a
LOAD fs/fs-armv7.a
LOAD drivers/drivers-armv7.a
LOAD memory/memory-armv7.a
LOAD processes/processes-armv7.a
LOAD debug/debug-armv7.a
LOAD time/time-armv7.a
LOAD lib/lib-armv7.a
OUTPUT(kernel7.elf elf32-littlearm)
LOAD linker stubs

.comment        0x00000000       0x45
 .comment       0x00000000       0x45 kernel_main.armv7.o
                                 0x46 (size before relaxing)
 .comment       0x00000045       0x46 boot/boot-armv7.a(hardware_detect.armv7.o)
 .comment       0x00000045       0x46 boot/boot-armv7.a(device_tree.armv7.o)
 .comment       0x00000045       0x46 interrupts/interrupts-armv7.a(interrupts.armv7.o)
 .comment       0x00000045       0x46 interrupts/interrupts-armv7.a(gic-400.armv7.o)
 .comment       0x00000045       0x46 syscalls/syscalls-armv7.a(syscalls.armv7.o)
 .comment       0x00000045       0x46 syscalls/syscalls-armv7.a(nanosleep.armv7.o)
 .comment       0x00000045       0x46 syscalls/syscalls-armv7.a(sysinfo.armv7.o)
 .comment       0x00000045       0x46 syscalls/syscalls-armv7.a(times.armv7.o)
 .comment       0x00000045       0x46 syscalls/syscalls-armv7.a(uname.armv7.o)
 .comment       0x00000045       0x46 fs/files.armv7.o
 .comment       0x00000045       0x46 fs/romfs/romfs-armv7.a(romfs.armv7.o)
 .comment       0x00000045       0x46 drivers/drivers.armv7.o
 .comment       0x00000045       0x46 drivers/bcm2835/bcm2835.armv7.a(bcm2835_io.armv7.o)
 .comment       0x00000045       0x46 drivers/block/block.armv7.a(ramdisk.armv7.o)
 .comment       0x00000045       0x46 drivers/console/console.armv7.a(console_io.armv7.o)
 .comment       0x00000045       0x46 drivers/framebuffer/framebuffer.armv7.a(framebuffer.armv7.o)
 .comment       0x00000045       0x46 drivers/framebuffer/framebuffer.armv7.a(framebuffer_console.armv7.o)
 .comment       0x00000045       0x46 drivers/led/led.armv7.a(led.armv7.o)
 .comment       0x00000045       0x46 drivers/serial/serial.armv7.a(serial.armv7.o)
 .comment       0x00000045       0x46 drivers/timer/timer.armv7.a(sp804_timer.armv7.o)
 .comment       0x00000045       0x46 drivers/firmware/firmware.armv7.a(mailbox.armv7.o)
 .comment       0x00000045       0x46 drivers/gpio/gpio.armv7.a(gpio.armv7.o)
 .comment       0x00000045       0x46 drivers/serial/serial.armv7.a(pl011_uart.armv7.o)
 .comment       0x00000045       0x46 drivers/serial/serial.armv7.a(mini_uart.armv7.o)
 .comment       0x00000045       0x46 memory/memory-armv7.a(memory.armv7.o)
 .comment       0x00000045       0x46 memory/memory-armv7.a(armv7-mmu.o)
 .comment       0x00000045       0x46 processes/processes-armv7.a(process.armv7.o)
 .comment       0x00000045       0x46 processes/processes-armv7.a(exec.armv7.o)
 .comment       0x00000045       0x46 processes/processes-armv7.a(exit.armv7.o)
 .comment       0x00000045       0x46 processes/processes-armv7.a(idle_task.armv7.o)
 .comment       0x00000045       0x46 processes/processes-armv7.a(scheduler.armv7.o)
 .comment       0x00000045       0x46 processes/processes-armv7.a(userspace.armv7.o)
 .comment       0x00000045       0x46 processes/processes-armv7.a(vfork.armv7.o)
 .comment       0x00000045       0x46 processes/processes-armv7.a(waitpid.armv7.o)
 .comment       0x00000045       0x46 processes/processes-armv7.a(waitqueue.armv7.o)
 .comment       0x00000045       0x46 debug/debug-armv7.a(panic.armv7.o)
 .comment       0x00000045       0x46 time/time-armv7.a(time.armv7.o)
 .comment       0x00000045       0x46 lib/lib-armv7.a(memcpy.armv7.o)
 .comment       0x00000045       0x46 lib/lib-armv7.a(memset.armv7.o)
 .comment       0x00000045       0x46 lib/lib-armv7.a(printk.armv7.o)
 .comment       0x00000045       0x46 lib/lib-armv7.a(string.armv7.o)

.ARM.attributes
                0x00000000       0x39
 .ARM.attributes
                0x00000000       0x2f kernel_main.armv7.o
 .ARM.attributes
                0x0000002f       0x29 boot/boot-armv7.a(boot-armv7.o)
 .ARM.attributes
                0x00000058       0x35 boot/boot-armv7.a(hardware_detect.armv7.o)
 .ARM.attributes
                0x0000008d       0x35 boot/boot-armv7.a(device_tree.armv7.o)
 .ARM.attributes
                0x000000c2       0x35 interrupts/interrupts-armv7.a(interrupts.armv7.o)
 .ARM.attributes
                0x000000f7       0x29 interrupts/interrupts-armv7.a(irq_handler.armv7.o)
 .ARM.attributes
                0x00000120       0x35 interrupts/interrupts-armv7.a(gic-400.armv7.o)
 .ARM.attributes
                0x00000155       0x29 syscalls/syscalls-armv7.a(swi_handler.armv7.o)
 .ARM.attributes
                0x0000017e       0x35 syscalls/syscalls-armv7.a(syscalls.armv7.o)
 .ARM.attributes
                0x000001b3       0x35 syscalls/syscalls-armv7.a(nanosleep.armv7.o)
 .ARM.attributes
                0x000001e8       0x35 syscalls/syscalls-armv7.a(sysinfo.armv7.o)
 .ARM.attributes
                0x0000021d       0x35 syscalls/syscalls-armv7.a(times.armv7.o)
 .ARM.attributes
                0x00000252       0x35 syscalls/syscalls-armv7.a(uname.armv7.o)
 .ARM.attributes
                0x00000287       0x35 fs/files.armv7.o
 .ARM.attributes
                0x000002bc       0x35 fs/romfs/romfs-armv7.a(romfs.armv7.o)
 .ARM.attributes
                0x000002f1       0x35 drivers/drivers.armv7.o
 .ARM.attributes
                0x00000326       0x35 drivers/bcm2835/bcm2835.armv7.a(bcm2835_io.armv7.o)
 .ARM.attributes
                0x0000035b       0x35 drivers/block/block.armv7.a(ramdisk.armv7.o)
 .ARM.attributes
                0x00000390       0x35 drivers/console/console.armv7.a(console_io.armv7.o)
 .ARM.attributes
                0x000003c5       0x35 drivers/framebuffer/framebuffer.armv7.a(framebuffer.armv7.o)
 .ARM.attributes
                0x000003fa       0x35 drivers/framebuffer/framebuffer.armv7.a(framebuffer_console.armv7.o)
 .ARM.attributes
                0x0000042f       0x35 drivers/led/led.armv7.a(led.armv7.o)
 .ARM.attributes
                0x00000464       0x35 drivers/serial/serial.armv7.a(serial.armv7.o)
 .ARM.attributes
                0x00000499       0x35 drivers/timer/timer.armv7.a(sp804_timer.armv7.o)
 .ARM.attributes
                0x000004ce       0x35 drivers/firmware/firmware.armv7.a(mailbox.armv7.o)
 .ARM.attributes
                0x00000503       0x35 drivers/gpio/gpio.armv7.a(gpio.armv7.o)
 .ARM.attributes
                0x00000538       0x35 drivers/serial/serial.armv7.a(pl011_uart.armv7.o)
 .ARM.attributes
                0x0000056d       0x35 drivers/serial/serial.armv7.a(mini_uart.armv7.o)
 .ARM.attributes
                0x000005a2       0x35 memory/memory-armv7.a(memory.armv7.o)
 .ARM.attributes
                0x000005d7       0x35 memory/memory-armv7.a(armv7-mmu.o)
 .ARM.attributes
                0x0000060c       0x35 processes/processes-armv7.a(process.armv7.o)
 .ARM.attributes
                0x00000641       0x35 processes/processes-armv7.a(exec.armv7.o)
 .ARM.attributes
                0x00000676       0x35 processes/processes-armv7.a(exit.armv7.o)
 .ARM.attributes
                0x000006ab       0x35 processes/processes-armv7.a(idle_task.armv7.o)
 .ARM.attributes
                0x000006e0       0x35 processes/processes-armv7.a(scheduler.armv7.o)
 .ARM.attributes
                0x00000715       0x35 processes/processes-armv7.a(userspace.armv7.o)
 .ARM.attributes
                0x0000074a       0x2f processes/processes-armv7.a(vfork.armv7.o)
 .ARM.attributes
                0x00000779       0x2f processes/processes-armv7.a(waitpid.armv7.o)
 .ARM.attributes
                0x000007a8       0x2f processes/processes-armv7.a(waitqueue.armv7.o)
 .ARM.attributes
                0x000007d7       0x35 debug/debug-armv7.a(panic.armv7.o)
 .ARM.attributes
                0x0000080c       0x35 time/time-armv7.a(time.armv7.o)
 .ARM.attributes
                0x00000841       0x35 lib/lib-armv7.a(memcpy.armv7.o)
 .ARM.attributes
                0x00000876       0x35 lib/lib-armv7.a(memset.armv7.o)
 .ARM.attributes
                0x000008ab       0x35 lib/lib-armv7.a(printk.armv7.o)
 .ARM.attributes
                0x000008e0       0x35 lib/lib-armv7.a(string.armv7.o)
