Archive member included to satisfy reference by file (symbol)

boot/boot-armv7.a(boot-armv7.o)
                              (_start)
boot/boot-armv7.a(hardware_detect.armv7.o)
                              kernel_main.armv7.o (hardware_detect)
boot/boot-armv7.a(device_tree.armv7.o)
                              boot/boot-armv7.a(hardware_detect.armv7.o) (devicetree_setup)
interrupts/interrupts-armv7.a(interrupts.armv7.o)
                              kernel_main.armv7.o (platform_irq_enable)
interrupts/interrupts-armv7.a(irq_handler.armv7.o)
                              boot/boot-armv7.a(boot-armv7.o) (interrupt_handler)
interrupts/interrupts-armv7.a(gic-400.armv7.o)
                              interrupts/interrupts-armv7.a(interrupts.armv7.o) (gic400_init)
syscalls/syscalls-armv7.a(swi_handler.armv7.o)
                              boot/boot-armv7.a(boot-armv7.o) (swi_handler)
syscalls/syscalls-armv7.a(syscalls.armv7.o)
                              syscalls/syscalls-armv7.a(swi_handler.armv7.o) (swi_handler_c)
syscalls/syscalls-armv7.a(nanosleep.armv7.o)
                              syscalls/syscalls-armv7.a(syscalls.armv7.o) (nanosleep)
syscalls/syscalls-armv7.a(sysinfo.armv7.o)
                              syscalls/syscalls-armv7.a(syscalls.armv7.o) (sysinfo)
syscalls/syscalls-armv7.a(times.armv7.o)
                              syscalls/syscalls-armv7.a(syscalls.armv7.o) (times)
syscalls/syscalls-armv7.a(uname.armv7.o)
                              syscalls/syscalls-armv7.a(syscalls.armv7.o) (uname)
fs/files.armv7.o              syscalls/syscalls-armv7.a(syscalls.armv7.o) (close)
fs/romfs/romfs-armv7.a(romfs.armv7.o)
                              fs/files.armv7.o (romfs_stat)
drivers/drivers.armv7.o       kernel_main.armv7.o (drivers_init_all)
drivers/bcm2835/bcm2835.armv7.a(bcm2835_io.armv7.o)
                              interrupts/interrupts-armv7.a(interrupts.armv7.o) (bcm2835_write)
drivers/block/block.armv7.a(ramdisk.armv7.o)
                              fs/romfs/romfs-armv7.a(romfs.armv7.o) (ramdisk_read)
drivers/console/console.armv7.a(console_io.armv7.o)
                              fs/files.armv7.o (console_write)
drivers/framebuffer/framebuffer.armv7.a(framebuffer.armv7.o)
                              drivers/drivers.armv7.o (framebuffer_init)
drivers/framebuffer/framebuffer.armv7.a(framebuffer_console.armv7.o)
                              syscalls/syscalls-armv7.a(syscalls.armv7.o) (framebuffer_console_setfont)
drivers/led/led.armv7.a(led.armv7.o)
                              drivers/drivers.armv7.o (led_init)
drivers/serial/serial.armv7.a(serial.armv7.o)
                              kernel_main.armv7.o (serial_init)
drivers/timer/timer.armv7.a(sp804_timer.armv7.o)
                              drivers/drivers.armv7.o (timer_init)
drivers/firmware/firmware.armv7.a(mailbox.armv7.o)
                              drivers/framebuffer/framebuffer.armv7.a(framebuffer.armv7.o) (mailbox_write)
drivers/gpio/gpio.armv7.a(gpio.armv7.o)
                              drivers/led/led.armv7.a(led.armv7.o) (gpio_request)
drivers/serial/serial.armv7.a(pl011_uart.armv7.o)
                              drivers/serial/serial.armv7.a(serial.armv7.o) (pl011_uart_init)
drivers/serial/serial.armv7.a(mini_uart.armv7.o)
                              drivers/serial/serial.armv7.a(serial.armv7.o) (mini_uart_init)
memory/memory-armv7.a(memory.armv7.o)
                              syscalls/syscalls-armv7.a(sysinfo.armv7.o) (memory_total_free)
memory/memory-armv7.a(armv7-mmu.o)
                              memory/memory-armv7.a(memory.armv7.o) (enable_mmu)
processes/processes-armv7.a(process.armv7.o)
                              syscalls/syscalls-armv7.a(sysinfo.armv7.o) (process_get_totals)
processes/processes-armv7.a(exec.armv7.o)
                              syscalls/syscalls-armv7.a(syscalls.armv7.o) (execve)
processes/processes-armv7.a(exit.armv7.o)
                              interrupts/interrupts-armv7.a(interrupts.armv7.o) (exit)
processes/processes-armv7.a(idle_task.armv7.o)
                              kernel_main.armv7.o (create_idle_task)
processes/processes-armv7.a(scheduler.armv7.o)
                              interrupts/interrupts-armv7.a(interrupts.armv7.o) (schedule)
processes/processes-armv7.a(userspace.armv7.o)
                              kernel_main.armv7.o (start_userspace)
processes/processes-armv7.a(vfork.armv7.o)
                              syscalls/syscalls-armv7.a(syscalls.armv7.o) (vfork)
processes/processes-armv7.a(waitpid.armv7.o)
                              processes/processes-armv7.a(exit.armv7.o) (waitpid_done)
processes/processes-armv7.a(waitqueue.armv7.o)
                              drivers/console/console.armv7.a(console_io.armv7.o) (wait_queue_add)
debug/debug-armv7.a(panic.armv7.o)
                              drivers/console/console.armv7.a(console_io.armv7.o) (dump_saved_user_state)
time/time-armv7.a(time.armv7.o)
                              syscalls/syscalls-armv7.a(syscalls.armv7.o) (time_since_boot)
lib/lib-armv7.a(memcpy.armv7.o)
                              boot/boot-armv7.a(device_tree.armv7.o) (memcpy)
lib/lib-armv7.a(memset.armv7.o)
                              syscalls/syscalls-armv7.a(sysinfo.armv7.o) (memset)
lib/lib-armv7.a(printk.armv7.o)
                              kernel_main.armv7.o (printk)
lib/lib-armv7.a(string.armv7.o)
                              boot/boot-armv7.a(device_tree.armv7.o) (strncmp)

Memory Configuration

Name             Origin             Length             Attributes
*default*        0x00000000         0xffffffff

Linker script and memory map

                0x00008000                        . = 0x8000
                0x00008000                        __start = .
                0x00008000                        __text_start = .

.text           0x00008000     0x6770
 *(.text.boot)
 .text.boot     0x00008000      0x11c boot/boot-armv7.a(boot-armv7.o)
                0x00008000                _start
 *(.text)
 .text          0x0000811c      0x1d4 kernel_main.armv7.o
                0x0000811c                print_boot_message
                0x000081e8                kernel_main
 .text          0x000082f0        0x0 boot/boot-armv7.a(boot-armv7.o)
 .text          0x000082f0      0x6a0 boot/boot-armv7.a(hardware_detect.armv7.o)
                0x000082f0                hardware_detect
                0x000085e4                hardware_print_model
                0x000087e4                hardware_print_commandline
                0x00008838                hardware_get_type
                0x00008848                hardware_get_memory
                0x00008898                hardware_setup_vars
 .text          0x00008990      0x9dc boot/boot-armv7.a(device_tree.armv7.o)
                0x00008ccc                devicetree_setup
                0x00008d80                devicetree_find_reserved
                0x00008ee0                devicetree_find_string
                0x00008f48                devicetree_find_int
                0x00008fb0                devicetree_find_int64
                0x00009020                devicetree_get_memory
 .text          0x0000936c      0x32c interrupts/interrupts-armv7.a(interrupts.armv7.o)
                0x0000936c                platform_irq_enable
                0x000093ac                irq_enable
                0x00009414                irq_disable
                0x0000947c                interrupt_handler_c
                0x0000956c                fiq_handler
                0x00009584                data_abort_handler
                0x0000960c                prefetch_abort_handler
                0x0000967c                undef_handler
 .text          0x00009698       0x40 interrupts/interrupts-armv7.a(irq_handler.armv7.o)
                0x00009698                interrupt_handler
 .text          0x000096d8      0x11c interrupts/interrupts-armv7.a(gic-400.armv7.o)
                0x000096d8                gic400_init
 .text          0x000097f4       0x40 syscalls/syscalls-armv7.a(swi_handler.armv7.o)
                0x000097f4                swi_handler
 .text          0x00009834      0x5d4 syscalls/syscalls-armv7.a(syscalls.armv7.o)
                0x00009834                swi_handler_c
 .text          0x00009e08       0x5c syscalls/syscalls-armv7.a(nanosleep.armv7.o)
                0x00009e08                nanosleep
 .text          0x00009e64       0x7c syscalls/syscalls-armv7.a(sysinfo.armv7.o)
                0x00009e64                sysinfo
 .text          0x00009ee0       0x2c syscalls/syscalls-armv7.a(times.armv7.o)
                0x00009ee0                times
 .text          0x00009f0c       0x88 syscalls/syscalls-armv7.a(uname.armv7.o)
                0x00009f0c                uname
 .text          0x00009f94      0x3c4 fs/files.armv7.o
                0x00009f94                fd_free
                0x00009f9c                fd_allocate
                0x00009ff4                get_inode
                0x0000a0a0                close
                0x0000a0a8                open
                0x0000a0c8                read
                0x0000a158                write
                0x0000a190                stat
                0x0000a1b8                mount
                0x0000a200                fd_table_init
                0x0000a234                getdents
                0x0000a2a4                chdir
                0x0000a304                getcwd
                0x0000a34c                statfs
 .text          0x0000a358      0x640 fs/romfs/romfs-armv7.a(romfs.armv7.o)
                0x0000a358                romfs_stat
                0x0000a498                romfs_get_inode
                0x0000a5cc                romfs_mount
                0x0000a6a4                romfs_statfs
                0x0000a758                romfs_read_file
                0x0000a7d4                romfs_getdents
 .text          0x0000a998       0x28 drivers/drivers.armv7.o
                0x0000a998                drivers_init_all
 .text          0x0000a9c0       0x30 drivers/bcm2835/bcm2835.armv7.a(bcm2835_io.armv7.o)
                0x0000a9c0                bcm2835_write
                0x0000a9d8                bcm2835_read
 .text          0x0000a9f0       0x88 drivers/block/block.armv7.a(ramdisk.armv7.o)
                0x0000a9f0                ramdisk_read
                0x0000aa48                ramdisk_init
 .text          0x0000aa78      0x14c drivers/console/console.armv7.a(console_io.armv7.o)
                0x0000aa78                console_insert_char
                0x0000ab04                console_write
                0x0000ab24                console_read
 .text          0x0000abc4      0x4bc drivers/framebuffer/framebuffer.armv7.a(framebuffer.armv7.o)
                0x0000ac20                framebuffer_ready
                0x0000ac30                framebuffer_init
                0x0000adc4                framebuffer_hline
                0x0000ae38                framebuffer_vline
                0x0000aea8                framebuffer_clear_screen
                0x0000af44                framebuffer_putpixel
                0x0000af88                framebuffer_push
                0x0000afbc                framebuffer_gradient
                0x0000aff0                framebuffer_load
 .text          0x0000b080      0xa70 drivers/framebuffer/framebuffer.armv7.a(framebuffer_console.armv7.o)
                0x0000b148                framebuffer_console_putchar
                0x0000b178                framebuffer_console_clear
                0x0000b1d8                framebuffer_console_home
                0x0000b1f0                framebuffer_console_push
                0x0000b2bc                framebuffer_console_setfont
                0x0000b2f4                framebuffer_console_write
                0x0000ba50                framebuffer_console_val
                0x0000ba78                framebuffer_console_init
 .text          0x0000baf0      0x150 drivers/led/led.armv7.a(led.armv7.o)
                0x0000baf0                led_init
                0x0000bbbc                led_on
                0x0000bc00                led_off
 .text          0x0000bc40       0xe4 drivers/serial/serial.armv7.a(serial.armv7.o)
                0x0000bc40                serial_init
                0x0000bc9c                serial_write
                0x0000bd04                serial_interrupt_handler
                0x0000bd14                serial_enable_interrupts
 .text          0x0000bd24      0x124 drivers/timer/timer.armv7.a(sp804_timer.armv7.o)
                0x0000bd24                timer_init
                0x0000bd74                timer_interrupt_handler
                0x0000be10                timer_sleep_until
 .text          0x0000be48      0x128 drivers/firmware/firmware.armv7.a(mailbox.armv7.o)
                0x0000be48                mailbox_write
                0x0000bee0                mailbox_read
 .text          0x0000bf70      0x3c8 drivers/gpio/gpio.armv7.a(gpio.armv7.o)
                0x0000bf70                gpio_request
                0x0000c00c                gpio_free
                0x0000c078                gpio_direction_input
                0x0000c0f0                gpio_direction_output
                0x0000c16c                gpio_to_irq
                0x0000c174                gpio_get_value
                0x0000c1d4                gpio_set_value
                0x0000c270                gpio_set_falling
                0x0000c2dc                gpio_clear_interrupt
 .text          0x0000c338      0x440 drivers/serial/serial.armv7.a(pl011_uart.armv7.o)
                0x0000c338                pl011_uart_putc
                0x0000c36c                pl011_uart_getc
                0x0000c398                pl011_uart_getc_noblock
                0x0000c3cc                pl011_uart_enable_interrupts
                0x0000c450                pl011_uart_interrupt_handler
                0x0000c4a4                pl011_uart_init
                0x0000c608                pl011_uart_putc_extra
                0x0000c63c                pl011_write
                0x0000c694                old_pl011_uart_init
 .text          0x0000c778      0x2b0 drivers/serial/serial.armv7.a(mini_uart.armv7.o)
                0x0000c778                mini_uart_putc
                0x0000c7ac                mini_uart_getc
                0x0000c7d8                mini_uart_getc_noblock
                0x0000c80c                mini_uart_enable_interrupts
                0x0000c890                mini_uart_interrupt_handler
                0x0000c8e4                mini_uart_init
 .text          0x0000ca28      0x330 memory/memory-armv7.a(memory.armv7.o)
                0x0000ca28                memory_total_free
                0x0000ca7c                memory_allocate
                0x0000cb6c                memory_free
                0x0000cbe4                memory_get_total
                0x0000cbf4                memory_hierarchy_init
 .text          0x0000cd58      0x378 memory/memory-armv7.a(armv7-mmu.o)
                0x0000cd58                disable_l1_dcache
                0x0000cd68                invalidate_l1_dcache
                0x0000ce00                enable_mmu
                0x0000d060                enable_l1_dcache
                0x0000d070                enable_l1_icache
                0x0000d074                disable_l1_icache
                0x0000d078                enable_branch_predictor
                0x0000d07c                disable_branch_predictor
                0x0000d080                l1_cache_detect
                0x0000d084                flush_icache
                0x0000d09c                flush_dcache
 .text          0x0000d0d0      0x308 processes/processes-armv7.a(process.armv7.o)
                0x0000d0d0                process_get_totals
                0x0000d110                process_lookup
                0x0000d144                process_lookup_child
                0x0000d180                process_create
                0x0000d2b0                process_destroy
                0x0000d370                process_save
                0x0000d394                process_switch
 .text          0x0000d3d8      0x384 processes/processes-armv7.a(exec.armv7.o)
                0x0000d3d8                execve
 .text          0x0000d75c       0x28 processes/processes-armv7.a(exit.armv7.o)
                0x0000d75c                exit
 .text          0x0000d784       0xe4 processes/processes-armv7.a(idle_task.armv7.o)
                0x0000d7bc                create_idle_task
 .text          0x0000d868       0xc4 processes/processes-armv7.a(scheduler.armv7.o)
                0x0000d868                schedule
                0x0000d91c                sched_yield
 .text          0x0000d92c       0xd0 processes/processes-armv7.a(userspace.armv7.o)
                0x0000d92c                enter_userspace
                0x0000d95c                start_userspace
 .text          0x0000d9fc       0xa4 processes/processes-armv7.a(vfork.armv7.o)
                0x0000d9fc                vfork
 .text          0x0000daa0       0xf4 processes/processes-armv7.a(waitpid.armv7.o)
                0x0000daa0                waitpid_done
                0x0000dab8                waitpid
 .text          0x0000db94       0x8c processes/processes-armv7.a(waitqueue.armv7.o)
                0x0000db94                wait_queue_add
                0x0000dbe0                wait_queue_wake
 .text          0x0000dc20      0x208 debug/debug-armv7.a(panic.armv7.o)
                0x0000dc20                dump_saved_user_state
                0x0000dcb8                dump_saved_kernel_state
                0x0000dd3c                dump_kernel_regs
                0x0000ddcc                dump_memory
 .text          0x0000de28       0x60 time/time-armv7.a(time.armv7.o)
                0x0000de28                time_since_boot
                0x0000de3c                ticks_since_boot
                0x0000de4c                clock_gettime
 .text          0x0000de88       0x78 lib/lib-armv7.a(memcpy.armv7.o)
                0x0000de88                memcpy
                0x0000deb0                memcpy_4byte
 .text          0x0000df00      0x154 lib/lib-armv7.a(memset.armv7.o)
                0x0000df00                memset_byte
                0x0000df28                memset_4byte
                0x0000dfb4                memset
 .text          0x0000e054      0x4f4 lib/lib-armv7.a(printk.armv7.o)
                0x0000e054                vsprintf
                0x0000e488                printk
                0x0000e4cc                serial_printk
                0x0000e510                sprintf
 .text          0x0000e548      0x228 lib/lib-armv7.a(string.armv7.o)
                0x0000e548                strncmp
                0x0000e58c                memcmp
                0x0000e5d4                strncpy
                0x0000e634                strlcpy
                0x0000e6a4                strncat
                0x0000e73c                strlen

.glue_7         0x0000e770        0x0
 .glue_7        0x0000e770        0x0 linker stubs

.glue_7t        0x0000e770        0x0
 .glue_7t       0x0000e770        0x0 linker stubs

.vfp11_veneer   0x0000e770        0x0
 .vfp11_veneer  0x0000e770        0x0 linker stubs

.v4_bx          0x0000e770        0x0
 .v4_bx         0x0000e770        0x0 linker stubs

.iplt           0x0000e770        0x0
 .iplt          0x0000e770        0x0 kernel_main.armv7.o
                0x0000f000                        . = ALIGN (0x1000)
                0x0000f000                        __text_end = .
                0x0000f000                        __rodata_start = .

.rodata         0x0000f000       0x40
 *(.rodata)
 .rodata        0x0000f000       0x40 drivers/framebuffer/framebuffer.armv7.a(framebuffer_console.armv7.o)

.rodata.str1.4  0x0000f040     0x1324
 .rodata.str1.4
                0x0000f040      0x1de kernel_main.armv7.o
 *fill*         0x0000f21e        0x2 
 .rodata.str1.4
                0x0000f220      0x16a boot/boot-armv7.a(hardware_detect.armv7.o)
                                0x172 (size before relaxing)
 *fill*         0x0000f38a        0x2 
 .rodata.str1.4
                0x0000f38c      0x359 boot/boot-armv7.a(device_tree.armv7.o)
 *fill*         0x0000f6e5        0x3 
 .rodata.str1.4
                0x0000f6e8      0x123 interrupts/interrupts-armv7.a(interrupts.armv7.o)
 *fill*         0x0000f80b        0x1 
 .rodata.str1.4
                0x0000f80c       0xdc syscalls/syscalls-armv7.a(syscalls.armv7.o)
 .rodata.str1.4
                0x0000f8e8       0x39 syscalls/syscalls-armv7.a(uname.armv7.o)
                                 0x3d (size before relaxing)
 *fill*         0x0000f921        0x3 
 .rodata.str1.4
                0x0000f924       0x8b fs/files.armv7.o
                                 0x93 (size before relaxing)
 *fill*         0x0000f9af        0x1 
 .rodata.str1.4
                0x0000f9b0       0x59 fs/romfs/romfs-armv7.a(romfs.armv7.o)
 *fill*         0x0000fa09        0x3 
 .rodata.str1.4
                0x0000fa0c       0x57 drivers/block/block.armv7.a(ramdisk.armv7.o)
 *fill*         0x0000fa63        0x1 
 .rodata.str1.4
                0x0000fa64      0x105 drivers/framebuffer/framebuffer.armv7.a(framebuffer.armv7.o)
 *fill*         0x0000fb69        0x3 
 .rodata.str1.4
                0x0000fb6c       0x62 drivers/framebuffer/framebuffer.armv7.a(framebuffer_console.armv7.o)
 *fill*         0x0000fbce        0x2 
 .rodata.str1.4
                0x0000fbd0       0x56 drivers/led/led.armv7.a(led.armv7.o)
 *fill*         0x0000fc26        0x2 
 .rodata.str1.4
                0x0000fc28      0x11d drivers/firmware/firmware.armv7.a(mailbox.armv7.o)
 *fill*         0x0000fd45        0x3 
 .rodata.str1.4
                0x0000fd48       0x7b drivers/gpio/gpio.armv7.a(gpio.armv7.o)
 *fill*         0x0000fdc3        0x1 
 .rodata.str1.4
                0x0000fdc4       0x40 drivers/serial/serial.armv7.a(pl011_uart.armv7.o)
 .rodata.str1.4
                0x0000fe04       0x40 drivers/serial/serial.armv7.a(mini_uart.armv7.o)
 .rodata.str1.4
                0x0000fe04      0x124 memory/memory-armv7.a(memory.armv7.o)
 .rodata.str1.4
                0x0000ff28      0x19f memory/memory-armv7.a(armv7-mmu.o)
 *fill*         0x000100c7        0x1 
 .rodata.str1.4
                0x000100c8       0x8d processes/processes-armv7.a(process.armv7.o)
 *fill*         0x00010155        0x3 
 .rodata.str1.4
                0x00010158       0x57 processes/processes-armv7.a(exec.armv7.o)
 *fill*         0x000101af        0x1 
 .rodata.str1.4
                0x000101b0       0x39 processes/processes-armv7.a(idle_task.armv7.o)
 *fill*         0x000101e9        0x3 
 .rodata.str1.4
                0x000101ec       0x32 processes/processes-armv7.a(userspace.armv7.o)
                                 0x36 (size before relaxing)
 *fill*         0x0001021e        0x2 
 .rodata.str1.4
                0x00010220       0x17 processes/processes-armv7.a(vfork.armv7.o)
 *fill*         0x00010237        0x1 
 .rodata.str1.4
                0x00010238       0x2d processes/processes-armv7.a(waitpid.armv7.o)
 *fill*         0x00010265        0x3 
 .rodata.str1.4
                0x00010268       0xfc debug/debug-armv7.a(panic.armv7.o)
                                0x100 (size before relaxing)

.rel.dyn        0x00010364        0x0
 .rel.iplt      0x00010364        0x0 kernel_main.armv7.o
                0x00011000                        . = ALIGN (0x1000)
                0x00011000                        __rodata_end = .
                0x00011000                        __data_start = .

.data           0x00011000    0x21024
 *(.data)
 .data          0x00011000    0x20000 kernel_main.armv7.o
                0x00011000                initrd_image
 .data          0x00031000        0x0 boot/boot-armv7.a(boot-armv7.o)
 .data          0x00031000        0x4 boot/boot-armv7.a(hardware_detect.armv7.o)
                0x00031000                hardware_type
 .data          0x00031004        0x0 boot/boot-armv7.a(device_tree.armv7.o)
 .data          0x00031004        0x0 interrupts/interrupts-armv7.a(interrupts.armv7.o)
 .data          0x00031004        0x0 interrupts/interrupts-armv7.a(irq_handler.armv7.o)
 .data          0x00031004        0x0 interrupts/interrupts-armv7.a(gic-400.armv7.o)
 .data          0x00031004        0x0 syscalls/syscalls-armv7.a(swi_handler.armv7.o)
 .data          0x00031004        0x0 syscalls/syscalls-armv7.a(syscalls.armv7.o)
 .data          0x00031004        0x0 syscalls/syscalls-armv7.a(nanosleep.armv7.o)
 .data          0x00031004        0x0 syscalls/syscalls-armv7.a(sysinfo.armv7.o)
 .data          0x00031004        0x0 syscalls/syscalls-armv7.a(times.armv7.o)
 .data          0x00031004        0x0 syscalls/syscalls-armv7.a(uname.armv7.o)
 .data          0x00031004        0x0 fs/files.armv7.o
 .data          0x00031004        0x0 fs/romfs/romfs-armv7.a(romfs.armv7.o)
 .data          0x00031004        0x0 drivers/drivers.armv7.o
 .data          0x00031004        0x0 drivers/bcm2835/bcm2835.armv7.a(bcm2835_io.armv7.o)
 .data          0x00031004        0x0 drivers/block/block.armv7.a(ramdisk.armv7.o)
 .data          0x00031004        0x0 drivers/console/console.armv7.a(console_io.armv7.o)
 .data          0x00031004        0x0 drivers/framebuffer/framebuffer.armv7.a(framebuffer.armv7.o)
 .data          0x00031004     0x1010 drivers/framebuffer/framebuffer.armv7.a(framebuffer_console.armv7.o)
                0x00031014                default_font
 .data          0x00032014        0x8 drivers/led/led.armv7.a(led.armv7.o)
 .data          0x0003201c        0x0 drivers/serial/serial.armv7.a(serial.armv7.o)
 .data          0x0003201c        0x4 drivers/timer/timer.armv7.a(sp804_timer.armv7.o)
                0x0003201c                blinking_enabled
 .data          0x00032020        0x0 drivers/firmware/firmware.armv7.a(mailbox.armv7.o)
 .data          0x00032020        0x0 drivers/gpio/gpio.armv7.a(gpio.armv7.o)
 .data          0x00032020        0x0 drivers/serial/serial.armv7.a(pl011_uart.armv7.o)
 .data          0x00032020        0x0 drivers/serial/serial.armv7.a(mini_uart.armv7.o)
 .data          0x00032020        0x0 memory/memory-armv7.a(memory.armv7.o)
 .data          0x00032020        0x0 memory/memory-armv7.a(armv7-mmu.o)
 .data          0x00032020        0x0 processes/processes-armv7.a(process.armv7.o)
 .data          0x00032020        0x0 processes/processes-armv7.a(exec.armv7.o)
 .data          0x00032020        0x0 processes/processes-armv7.a(exit.armv7.o)
 .data          0x00032020        0x0 processes/processes-armv7.a(idle_task.armv7.o)
 .data          0x00032020        0x4 processes/processes-armv7.a(scheduler.armv7.o)
                0x00032020                scheduling_enabled
 .data          0x00032024        0x0 processes/processes-armv7.a(userspace.armv7.o)
 .data          0x00032024        0x0 processes/processes-armv7.a(vfork.armv7.o)
 .data          0x00032024        0x0 processes/processes-armv7.a(waitpid.armv7.o)
 .data          0x00032024        0x0 processes/processes-armv7.a(waitqueue.armv7.o)
 .data          0x00032024        0x0 debug/debug-armv7.a(panic.armv7.o)
 .data          0x00032024        0x0 time/time-armv7.a(time.armv7.o)
 .data          0x00032024        0x0 lib/lib-armv7.a(memcpy.armv7.o)
 .data          0x00032024        0x0 lib/lib-armv7.a(memset.armv7.o)
 .data          0x00032024        0x0 lib/lib-armv7.a(printk.armv7.o)
 .data          0x00032024        0x0 lib/lib-armv7.a(string.armv7.o)

.igot.plt       0x00032024        0x0
 .igot.plt      0x00032024        0x0 kernel_main.armv7.o
                0x00033000                        . = ALIGN (0x1000)
                0x00033000                        __data_end = .
                0x00033000                        __bss_start = .

.bss            0x00034000   0xc31008
                0x00034000                        bss = .
 *(.bss)
 .bss           0x00034000        0x0 kernel_main.armv7.o
 .bss           0x00034000        0x0 boot/boot-armv7.a(boot-armv7.o)
 .bss           0x00034000      0x410 boot/boot-armv7.a(hardware_detect.armv7.o)
                0x00034408                io_base
                0x0003440c                act_led_gpio
 .bss           0x00034410       0x2c boot/boot-armv7.a(device_tree.armv7.o)
                0x00034410                device_tree
 .bss           0x0003443c        0x0 interrupts/interrupts-armv7.a(interrupts.armv7.o)
 .bss           0x0003443c        0x0 interrupts/interrupts-armv7.a(irq_handler.armv7.o)
 .bss           0x0003443c        0x4 interrupts/interrupts-armv7.a(gic-400.armv7.o)
                0x0003443c                num_interrupts
 .bss           0x00034440        0x0 syscalls/syscalls-armv7.a(swi_handler.armv7.o)
 .bss           0x00034440        0x0 syscalls/syscalls-armv7.a(syscalls.armv7.o)
 .bss           0x00034440        0x0 syscalls/syscalls-armv7.a(nanosleep.armv7.o)
 .bss           0x00034440        0x0 syscalls/syscalls-armv7.a(sysinfo.armv7.o)
 .bss           0x00034440        0x0 syscalls/syscalls-armv7.a(times.armv7.o)
 .bss           0x00034440        0x0 syscalls/syscalls-armv7.a(uname.armv7.o)
 .bss           0x00034440      0x1c4 fs/files.armv7.o
                0x00034440                fd_table
                0x000345c4                superblock_table
 .bss           0x00034604        0x0 fs/romfs/romfs-armv7.a(romfs.armv7.o)
 .bss           0x00034604        0x0 drivers/drivers.armv7.o
 .bss           0x00034604        0x0 drivers/bcm2835/bcm2835.armv7.a(bcm2835_io.armv7.o)
 .bss           0x00034604        0xc drivers/block/block.armv7.a(ramdisk.armv7.o)
                0x00034604                ramdisk_info
 .bss           0x00034610      0x114 drivers/console/console.armv7.a(console_io.armv7.o)
                0x00034718                console_wait_queue
                0x0003471c                console_read_mutex
                0x00034720                console_write_mutex
 .bss           0x00034724   0xc0002c drivers/framebuffer/framebuffer.armv7.a(framebuffer.armv7.o)
 .bss           0x00c34750     0x1624 drivers/framebuffer/framebuffer.armv7.a(framebuffer_console.armv7.o)
 .bss           0x00c35d74        0x4 drivers/led/led.armv7.a(led.armv7.o)
 .bss           0x00c35d78       0x28 drivers/serial/serial.armv7.a(serial.armv7.o)
 .bss           0x00c35da0       0x10 drivers/timer/timer.armv7.a(sp804_timer.armv7.o)
                0x00c35da0                tick_counter
 .bss           0x00c35db0        0x0 drivers/firmware/firmware.armv7.a(mailbox.armv7.o)
 .bss           0x00c35db0        0x8 drivers/gpio/gpio.armv7.a(gpio.armv7.o)
 .bss           0x00c35db8        0x0 drivers/serial/serial.armv7.a(pl011_uart.armv7.o)
 .bss           0x00c35db8        0x0 drivers/serial/serial.armv7.a(mini_uart.armv7.o)
 .bss           0x00c35db8     0x8008 memory/memory-armv7.a(memory.armv7.o)
 *fill*         0x00c3ddc0     0x2240 
 .bss           0x00c40000     0x4000 memory/memory-armv7.a(armv7-mmu.o)
                0x00c40000                page_table
 .bss           0x00c44000    0x21004 processes/processes-armv7.a(process.armv7.o)
                0x00c44000                proc_first
                0x00c44008                current_process
                0x00c65000                userspace_started
 .bss           0x00c65004        0x0 processes/processes-armv7.a(exec.armv7.o)
 .bss           0x00c65004        0x0 processes/processes-armv7.a(exit.armv7.o)
 .bss           0x00c65004        0x0 processes/processes-armv7.a(idle_task.armv7.o)
 .bss           0x00c65004        0x0 processes/processes-armv7.a(scheduler.armv7.o)
 .bss           0x00c65004        0x0 processes/processes-armv7.a(userspace.armv7.o)
 .bss           0x00c65004        0x0 processes/processes-armv7.a(vfork.armv7.o)
 .bss           0x00c65004        0x4 processes/processes-armv7.a(waitpid.armv7.o)
                0x00c65004                waitpid_wait_queue
 .bss           0x00c65008        0x0 processes/processes-armv7.a(waitqueue.armv7.o)
 .bss           0x00c65008        0x0 debug/debug-armv7.a(panic.armv7.o)
 .bss           0x00c65008        0x0 time/time-armv7.a(time.armv7.o)
 .bss           0x00c65008        0x0 lib/lib-armv7.a(memcpy.armv7.o)
 .bss           0x00c65008        0x0 lib/lib-armv7.a(memset.armv7.o)
 .bss           0x00c65008        0x0 lib/lib-armv7.a(printk.armv7.o)
 .bss           0x00c65008        0x0 lib/lib-armv7.a(string.armv7.o)
                0x00c66000                        . = ALIGN (0x1000)
                0x00c66000                        __bss_end = .
                0x00c66000                        __end = .
LOAD kernel_main.armv7.o
LOAD boot/boot-armv7.a
LOAD interrupts/interrupts-armv7.a
LOAD syscalls/syscalls-armv7.a
LOAD fs/fs-armv7.a
LOAD drivers/drivers-armv7.a
LOAD memory/memory-armv7.a
LOAD processes/processes-armv7.a
LOAD debug/debug-armv7.a
LOAD time/time-armv7.a
LOAD lib/lib-armv7.a
OUTPUT(kernel7.elf elf32-littlearm)
LOAD linker stubs

.comment        0x00000000       0x45
 .comment       0x00000000       0x45 kernel_main.armv7.o
                                 0x46 (size before relaxing)
 .comment       0x00000045       0x46 boot/boot-armv7.a(hardware_detect.armv7.o)
 .comment       0x00000045       0x46 boot/boot-armv7.a(device_tree.armv7.o)
 .comment       0x00000045       0x46 interrupts/interrupts-armv7.a(interrupts.armv7.o)
 .comment       0x00000045       0x46 interrupts/interrupts-armv7.a(gic-400.armv7.o)
 .comment       0x00000045       0x46 syscalls/syscalls-armv7.a(syscalls.armv7.o)
 .comment       0x00000045       0x46 syscalls/syscalls-armv7.a(nanosleep.armv7.o)
 .comment       0x00000045       0x46 syscalls/syscalls-armv7.a(sysinfo.armv7.o)
 .comment       0x00000045       0x46 syscalls/syscalls-armv7.a(times.armv7.o)
 .comment       0x00000045       0x46 syscalls/syscalls-armv7.a(uname.armv7.o)
 .comment       0x00000045       0x46 fs/files.armv7.o
 .comment       0x00000045       0x46 fs/romfs/romfs-armv7.a(romfs.armv7.o)
 .comment       0x00000045       0x46 drivers/drivers.armv7.o
 .comment       0x00000045       0x46 drivers/bcm2835/bcm2835.armv7.a(bcm2835_io.armv7.o)
 .comment       0x00000045       0x46 drivers/block/block.armv7.a(ramdisk.armv7.o)
 .comment       0x00000045       0x46 drivers/console/console.armv7.a(console_io.armv7.o)
 .comment       0x00000045       0x46 drivers/framebuffer/framebuffer.armv7.a(framebuffer.armv7.o)
 .comment       0x00000045       0x46 drivers/framebuffer/framebuffer.armv7.a(framebuffer_console.armv7.o)
 .comment       0x00000045       0x46 drivers/led/led.armv7.a(led.armv7.o)
 .comment       0x00000045       0x46 drivers/serial/serial.armv7.a(serial.armv7.o)
 .comment       0x00000045       0x46 drivers/timer/timer.armv7.a(sp804_timer.armv7.o)
 .comment       0x00000045       0x46 drivers/firmware/firmware.armv7.a(mailbox.armv7.o)
 .comment       0x00000045       0x46 drivers/gpio/gpio.armv7.a(gpio.armv7.o)
 .comment       0x00000045       0x46 drivers/serial/serial.armv7.a(pl011_uart.armv7.o)
 .comment       0x00000045       0x46 drivers/serial/serial.armv7.a(mini_uart.armv7.o)
 .comment       0x00000045       0x46 memory/memory-armv7.a(memory.armv7.o)
 .comment       0x00000045       0x46 memory/memory-armv7.a(armv7-mmu.o)
 .comment       0x00000045       0x46 processes/processes-armv7.a(process.armv7.o)
 .comment       0x00000045       0x46 processes/processes-armv7.a(exec.armv7.o)
 .comment       0x00000045       0x46 processes/processes-armv7.a(exit.armv7.o)
 .comment       0x00000045       0x46 processes/processes-armv7.a(idle_task.armv7.o)
 .comment       0x00000045       0x46 processes/processes-armv7.a(scheduler.armv7.o)
 .comment       0x00000045       0x46 processes/processes-armv7.a(userspace.armv7.o)
 .comment       0x00000045       0x46 processes/processes-armv7.a(vfork.armv7.o)
 .comment       0x00000045       0x46 processes/processes-armv7.a(waitpid.armv7.o)
 .comment       0x00000045       0x46 processes/processes-armv7.a(waitqueue.armv7.o)
 .comment       0x00000045       0x46 debug/debug-armv7.a(panic.armv7.o)
 .comment       0x00000045       0x46 time/time-armv7.a(time.armv7.o)
 .comment       0x00000045       0x46 lib/lib-armv7.a(memcpy.armv7.o)
 .comment       0x00000045       0x46 lib/lib-armv7.a(memset.armv7.o)
 .comment       0x00000045       0x46 lib/lib-armv7.a(printk.armv7.o)
 .comment       0x00000045       0x46 lib/lib-armv7.a(string.armv7.o)

.ARM.attributes
                0x00000000       0x39
 .ARM.attributes
                0x00000000       0x2f kernel_main.armv7.o
 .ARM.attributes
                0x0000002f       0x29 boot/boot-armv7.a(boot-armv7.o)
 .ARM.attributes
                0x00000058       0x35 boot/boot-armv7.a(hardware_detect.armv7.o)
 .ARM.attributes
                0x0000008d       0x35 boot/boot-armv7.a(device_tree.armv7.o)
 .ARM.attributes
                0x000000c2       0x35 interrupts/interrupts-armv7.a(interrupts.armv7.o)
 .ARM.attributes
                0x000000f7       0x29 interrupts/interrupts-armv7.a(irq_handler.armv7.o)
 .ARM.attributes
                0x00000120       0x35 interrupts/interrupts-armv7.a(gic-400.armv7.o)
 .ARM.attributes
                0x00000155       0x29 syscalls/syscalls-armv7.a(swi_handler.armv7.o)
 .ARM.attributes
                0x0000017e       0x35 syscalls/syscalls-armv7.a(syscalls.armv7.o)
 .ARM.attributes
                0x000001b3       0x35 syscalls/syscalls-armv7.a(nanosleep.armv7.o)
 .ARM.attributes
                0x000001e8       0x35 syscalls/syscalls-armv7.a(sysinfo.armv7.o)
 .ARM.attributes
                0x0000021d       0x35 syscalls/syscalls-armv7.a(times.armv7.o)
 .ARM.attributes
                0x00000252       0x35 syscalls/syscalls-armv7.a(uname.armv7.o)
 .ARM.attributes
                0x00000287       0x35 fs/files.armv7.o
 .ARM.attributes
                0x000002bc       0x35 fs/romfs/romfs-armv7.a(romfs.armv7.o)
 .ARM.attributes
                0x000002f1       0x35 drivers/drivers.armv7.o
 .ARM.attributes
                0x00000326       0x35 drivers/bcm2835/bcm2835.armv7.a(bcm2835_io.armv7.o)
 .ARM.attributes
                0x0000035b       0x35 drivers/block/block.armv7.a(ramdisk.armv7.o)
 .ARM.attributes
                0x00000390       0x35 drivers/console/console.armv7.a(console_io.armv7.o)
 .ARM.attributes
                0x000003c5       0x35 drivers/framebuffer/framebuffer.armv7.a(framebuffer.armv7.o)
 .ARM.attributes
                0x000003fa       0x35 drivers/framebuffer/framebuffer.armv7.a(framebuffer_console.armv7.o)
 .ARM.attributes
                0x0000042f       0x35 drivers/led/led.armv7.a(led.armv7.o)
 .ARM.attributes
                0x00000464       0x35 drivers/serial/serial.armv7.a(serial.armv7.o)
 .ARM.attributes
                0x00000499       0x35 drivers/timer/timer.armv7.a(sp804_timer.armv7.o)
 .ARM.attributes
                0x000004ce       0x35 drivers/firmware/firmware.armv7.a(mailbox.armv7.o)
 .ARM.attributes
                0x00000503       0x35 drivers/gpio/gpio.armv7.a(gpio.armv7.o)
 .ARM.attributes
                0x00000538       0x35 drivers/serial/serial.armv7.a(pl011_uart.armv7.o)
 .ARM.attributes
                0x0000056d       0x35 drivers/serial/serial.armv7.a(mini_uart.armv7.o)
 .ARM.attributes
                0x000005a2       0x35 memory/memory-armv7.a(memory.armv7.o)
 .ARM.attributes
                0x000005d7       0x35 memory/memory-armv7.a(armv7-mmu.o)
 .ARM.attributes
                0x0000060c       0x35 processes/processes-armv7.a(process.armv7.o)
 .ARM.attributes
                0x00000641       0x35 processes/processes-armv7.a(exec.armv7.o)
 .ARM.attributes
                0x00000676       0x35 processes/processes-armv7.a(exit.armv7.o)
 .ARM.attributes
                0x000006ab       0x35 processes/processes-armv7.a(idle_task.armv7.o)
 .ARM.attributes
                0x000006e0       0x35 processes/processes-armv7.a(scheduler.armv7.o)
 .ARM.attributes
                0x00000715       0x35 processes/processes-armv7.a(userspace.armv7.o)
 .ARM.attributes
                0x0000074a       0x2f processes/processes-armv7.a(vfork.armv7.o)
 .ARM.attributes
                0x00000779       0x2f processes/processes-armv7.a(waitpid.armv7.o)
 .ARM.attributes
                0x000007a8       0x2f processes/processes-armv7.a(waitqueue.armv7.o)
 .ARM.attributes
                0x000007d7       0x35 debug/debug-armv7.a(panic.armv7.o)
 .ARM.attributes
                0x0000080c       0x35 time/time-armv7.a(time.armv7.o)
 .ARM.attributes
                0x00000841       0x35 lib/lib-armv7.a(memcpy.armv7.o)
 .ARM.attributes
                0x00000876       0x35 lib/lib-armv7.a(memset.armv7.o)
 .ARM.attributes
                0x000008ab       0x35 lib/lib-armv7.a(printk.armv7.o)
 .ARM.attributes
                0x000008e0       0x35 lib/lib-armv7.a(string.armv7.o)
