Archive member included to satisfy reference by file (symbol)

boot/boot-armv7.a(boot-armv7.o)
                              (_start)
boot/boot-armv7.a(hardware_detect.armv7.o)
                              kernel_main.armv7.o (hardware_detect)
boot/boot-armv7.a(device_tree.armv7.o)
                              boot/boot-armv7.a(hardware_detect.armv7.o) (devicetree_setup)
interrupts/interrupts-armv7.a(interrupts.armv7.o)
                              kernel_main.armv7.o (platform_irq_enable)
interrupts/interrupts-armv7.a(irq_handler.armv7.o)
                              boot/boot-armv7.a(boot-armv7.o) (interrupt_handler)
interrupts/interrupts-armv7.a(gic-400.armv7.o)
                              interrupts/interrupts-armv7.a(interrupts.armv7.o) (gic400_init)
syscalls/syscalls-armv7.a(swi_handler.armv7.o)
                              boot/boot-armv7.a(boot-armv7.o) (swi_handler)
syscalls/syscalls-armv7.a(syscalls.armv7.o)
                              syscalls/syscalls-armv7.a(swi_handler.armv7.o) (swi_handler_c)
syscalls/syscalls-armv7.a(nanosleep.armv7.o)
                              syscalls/syscalls-armv7.a(syscalls.armv7.o) (nanosleep)
syscalls/syscalls-armv7.a(sysinfo.armv7.o)
                              syscalls/syscalls-armv7.a(syscalls.armv7.o) (sysinfo)
syscalls/syscalls-armv7.a(times.armv7.o)
                              syscalls/syscalls-armv7.a(syscalls.armv7.o) (times)
syscalls/syscalls-armv7.a(uname.armv7.o)
                              syscalls/syscalls-armv7.a(syscalls.armv7.o) (uname)
fs/files.armv7.o              syscalls/syscalls-armv7.a(syscalls.armv7.o) (close)
fs/romfs/romfs-armv7.a(romfs.armv7.o)
                              fs/files.armv7.o (romfs_stat)
drivers/drivers.armv7.o       kernel_main.armv7.o (drivers_init_all)
drivers/bcm2835/bcm2835.armv7.a(bcm2835_io.armv7.o)
                              interrupts/interrupts-armv7.a(interrupts.armv7.o) (bcm2835_write)
drivers/block/block.armv7.a(ramdisk.armv7.o)
                              fs/romfs/romfs-armv7.a(romfs.armv7.o) (ramdisk_read)
drivers/console/console.armv7.a(console_io.armv7.o)
                              fs/files.armv7.o (console_write)
drivers/framebuffer/framebuffer.armv7.a(framebuffer.armv7.o)
                              drivers/drivers.armv7.o (framebuffer_init)
drivers/framebuffer/framebuffer.armv7.a(framebuffer_console.armv7.o)
                              syscalls/syscalls-armv7.a(syscalls.armv7.o) (framebuffer_console_setfont)
drivers/led/led.armv7.a(led.armv7.o)
                              drivers/drivers.armv7.o (led_init)
drivers/serial/serial.armv7.a(serial.armv7.o)
                              kernel_main.armv7.o (serial_init)
drivers/timer/timer.armv7.a(sp804_timer.armv7.o)
                              drivers/drivers.armv7.o (timer_init)
drivers/firmware/firmware.armv7.a(mailbox.armv7.o)
                              drivers/framebuffer/framebuffer.armv7.a(framebuffer.armv7.o) (mailbox_write)
drivers/gpio/gpio.armv7.a(gpio.armv7.o)
                              drivers/led/led.armv7.a(led.armv7.o) (gpio_request)
drivers/serial/serial.armv7.a(pl011_uart.armv7.o)
                              drivers/serial/serial.armv7.a(serial.armv7.o) (pl011_uart_init)
drivers/serial/serial.armv7.a(mini_uart.armv7.o)
                              drivers/serial/serial.armv7.a(serial.armv7.o) (mini_uart_init)
memory/memory-armv7.a(memory.armv7.o)
                              syscalls/syscalls-armv7.a(sysinfo.armv7.o) (memory_total_free)
memory/memory-armv7.a(armv7-mmu.o)
                              memory/memory-armv7.a(memory.armv7.o) (enable_mmu)
processes/processes-armv7.a(process.armv7.o)
                              syscalls/syscalls-armv7.a(sysinfo.armv7.o) (process_get_totals)
processes/processes-armv7.a(exec.armv7.o)
                              syscalls/syscalls-armv7.a(syscalls.armv7.o) (execve)
processes/processes-armv7.a(exit.armv7.o)
                              interrupts/interrupts-armv7.a(interrupts.armv7.o) (exit)
processes/processes-armv7.a(idle_task.armv7.o)
                              kernel_main.armv7.o (create_idle_task)
processes/processes-armv7.a(scheduler.armv7.o)
                              interrupts/interrupts-armv7.a(interrupts.armv7.o) (schedule)
processes/processes-armv7.a(userspace.armv7.o)
                              kernel_main.armv7.o (start_userspace)
processes/processes-armv7.a(vfork.armv7.o)
                              syscalls/syscalls-armv7.a(syscalls.armv7.o) (vfork)
processes/processes-armv7.a(waitpid.armv7.o)
                              processes/processes-armv7.a(exit.armv7.o) (waitpid_done)
processes/processes-armv7.a(waitqueue.armv7.o)
                              drivers/console/console.armv7.a(console_io.armv7.o) (wait_queue_add)
debug/debug-armv7.a(panic.armv7.o)
                              drivers/console/console.armv7.a(console_io.armv7.o) (dump_saved_user_state)
time/time-armv7.a(time.armv7.o)
                              syscalls/syscalls-armv7.a(syscalls.armv7.o) (time_since_boot)
lib/lib-armv7.a(memcpy.armv7.o)
                              boot/boot-armv7.a(device_tree.armv7.o) (memcpy)
lib/lib-armv7.a(memset.armv7.o)
                              syscalls/syscalls-armv7.a(sysinfo.armv7.o) (memset)
lib/lib-armv7.a(printk.armv7.o)
                              kernel_main.armv7.o (printk)
lib/lib-armv7.a(string.armv7.o)
                              boot/boot-armv7.a(device_tree.armv7.o) (strncmp)

Memory Configuration

Name             Origin             Length             Attributes
*default*        0x00000000         0xffffffff

Linker script and memory map

                0x00008000                        . = 0x8000
                0x00008000                        __start = .
                0x00008000                        __text_start = .

.text           0x00008000     0x683c
 *(.text.boot)
 .text.boot     0x00008000      0x11c boot/boot-armv7.a(boot-armv7.o)
                0x00008000                _start
 *(.text)
 .text          0x0000811c      0x1d4 kernel_main.armv7.o
                0x0000811c                print_boot_message
                0x000081e8                kernel_main
 .text          0x000082f0        0x0 boot/boot-armv7.a(boot-armv7.o)
 .text          0x000082f0      0x6a0 boot/boot-armv7.a(hardware_detect.armv7.o)
                0x000082f0                hardware_detect
                0x000085e4                hardware_print_model
                0x000087e4                hardware_print_commandline
                0x00008838                hardware_get_type
                0x00008848                hardware_get_memory
                0x00008898                hardware_setup_vars
 .text          0x00008990      0x9dc boot/boot-armv7.a(device_tree.armv7.o)
                0x00008ccc                devicetree_setup
                0x00008d80                devicetree_find_reserved
                0x00008ee0                devicetree_find_string
                0x00008f48                devicetree_find_int
                0x00008fb0                devicetree_find_int64
                0x00009020                devicetree_get_memory
 .text          0x0000936c      0x32c interrupts/interrupts-armv7.a(interrupts.armv7.o)
                0x0000936c                platform_irq_enable
                0x000093ac                irq_enable
                0x00009414                irq_disable
                0x0000947c                interrupt_handler_c
                0x0000956c                fiq_handler
                0x00009584                data_abort_handler
                0x0000960c                prefetch_abort_handler
                0x0000967c                undef_handler
 .text          0x00009698       0x40 interrupts/interrupts-armv7.a(irq_handler.armv7.o)
                0x00009698                interrupt_handler
 .text          0x000096d8      0x11c interrupts/interrupts-armv7.a(gic-400.armv7.o)
                0x000096d8                gic400_init
 .text          0x000097f4       0x40 syscalls/syscalls-armv7.a(swi_handler.armv7.o)
                0x000097f4                swi_handler
 .text          0x00009834      0x61c syscalls/syscalls-armv7.a(syscalls.armv7.o)
                0x00009834                swi_handler_c
 .text          0x00009e50       0x5c syscalls/syscalls-armv7.a(nanosleep.armv7.o)
                0x00009e50                nanosleep
 .text          0x00009eac       0x7c syscalls/syscalls-armv7.a(sysinfo.armv7.o)
                0x00009eac                sysinfo
 .text          0x00009f28       0x2c syscalls/syscalls-armv7.a(times.armv7.o)
                0x00009f28                times
 .text          0x00009f54       0x88 syscalls/syscalls-armv7.a(uname.armv7.o)
                0x00009f54                uname
 .text          0x00009fdc      0x3c4 fs/files.armv7.o
                0x00009fdc                fd_free
                0x00009fe4                fd_allocate
                0x0000a03c                get_inode
                0x0000a0e8                close
                0x0000a0f0                open
                0x0000a110                read
                0x0000a1a0                write
                0x0000a1d8                stat
                0x0000a200                mount
                0x0000a248                fd_table_init
                0x0000a27c                getdents
                0x0000a2ec                chdir
                0x0000a34c                getcwd
                0x0000a394                statfs
 .text          0x0000a3a0      0x640 fs/romfs/romfs-armv7.a(romfs.armv7.o)
                0x0000a3a0                romfs_stat
                0x0000a4e0                romfs_get_inode
                0x0000a614                romfs_mount
                0x0000a6ec                romfs_statfs
                0x0000a7a0                romfs_read_file
                0x0000a81c                romfs_getdents
 .text          0x0000a9e0       0x28 drivers/drivers.armv7.o
                0x0000a9e0                drivers_init_all
 .text          0x0000aa08       0x30 drivers/bcm2835/bcm2835.armv7.a(bcm2835_io.armv7.o)
                0x0000aa08                bcm2835_write
                0x0000aa20                bcm2835_read
 .text          0x0000aa38       0x88 drivers/block/block.armv7.a(ramdisk.armv7.o)
                0x0000aa38                ramdisk_read
                0x0000aa90                ramdisk_init
 .text          0x0000aac0      0x14c drivers/console/console.armv7.a(console_io.armv7.o)
                0x0000aac0                console_insert_char
                0x0000ab4c                console_write
                0x0000ab6c                console_read
 .text          0x0000ac0c      0x540 drivers/framebuffer/framebuffer.armv7.a(framebuffer.armv7.o)
                0x0000ac68                framebuffer_ready
                0x0000ac78                framebuffer_init
                0x0000ae0c                framebuffer_hline
                0x0000ae80                framebuffer_vline
                0x0000aef0                framebuffer_clear_screen
                0x0000af8c                framebuffer_putpixel
                0x0000afd0                framebuffer_push
                0x0000b004                framebuffer_gradient
                0x0000b0bc                framebuffer_load
 .text          0x0000b14c      0xa70 drivers/framebuffer/framebuffer.armv7.a(framebuffer_console.armv7.o)
                0x0000b214                framebuffer_console_putchar
                0x0000b244                framebuffer_console_clear
                0x0000b2a4                framebuffer_console_home
                0x0000b2bc                framebuffer_console_push
                0x0000b388                framebuffer_console_setfont
                0x0000b3c0                framebuffer_console_write
                0x0000bb1c                framebuffer_console_val
                0x0000bb44                framebuffer_console_init
 .text          0x0000bbbc      0x150 drivers/led/led.armv7.a(led.armv7.o)
                0x0000bbbc                led_init
                0x0000bc88                led_on
                0x0000bccc                led_off
 .text          0x0000bd0c       0xe4 drivers/serial/serial.armv7.a(serial.armv7.o)
                0x0000bd0c                serial_init
                0x0000bd68                serial_write
                0x0000bdd0                serial_interrupt_handler
                0x0000bde0                serial_enable_interrupts
 .text          0x0000bdf0      0x124 drivers/timer/timer.armv7.a(sp804_timer.armv7.o)
                0x0000bdf0                timer_init
                0x0000be40                timer_interrupt_handler
                0x0000bedc                timer_sleep_until
 .text          0x0000bf14      0x128 drivers/firmware/firmware.armv7.a(mailbox.armv7.o)
                0x0000bf14                mailbox_write
                0x0000bfac                mailbox_read
 .text          0x0000c03c      0x3c8 drivers/gpio/gpio.armv7.a(gpio.armv7.o)
                0x0000c03c                gpio_request
                0x0000c0d8                gpio_free
                0x0000c144                gpio_direction_input
                0x0000c1bc                gpio_direction_output
                0x0000c238                gpio_to_irq
                0x0000c240                gpio_get_value
                0x0000c2a0                gpio_set_value
                0x0000c33c                gpio_set_falling
                0x0000c3a8                gpio_clear_interrupt
 .text          0x0000c404      0x440 drivers/serial/serial.armv7.a(pl011_uart.armv7.o)
                0x0000c404                pl011_uart_putc
                0x0000c438                pl011_uart_getc
                0x0000c464                pl011_uart_getc_noblock
                0x0000c498                pl011_uart_enable_interrupts
                0x0000c51c                pl011_uart_interrupt_handler
                0x0000c570                pl011_uart_init
                0x0000c6d4                pl011_uart_putc_extra
                0x0000c708                pl011_write
                0x0000c760                old_pl011_uart_init
 .text          0x0000c844      0x2b0 drivers/serial/serial.armv7.a(mini_uart.armv7.o)
                0x0000c844                mini_uart_putc
                0x0000c878                mini_uart_getc
                0x0000c8a4                mini_uart_getc_noblock
                0x0000c8d8                mini_uart_enable_interrupts
                0x0000c95c                mini_uart_interrupt_handler
                0x0000c9b0                mini_uart_init
 .text          0x0000caf4      0x330 memory/memory-armv7.a(memory.armv7.o)
                0x0000caf4                memory_total_free
                0x0000cb48                memory_allocate
                0x0000cc38                memory_free
                0x0000ccb0                memory_get_total
                0x0000ccc0                memory_hierarchy_init
 .text          0x0000ce24      0x378 memory/memory-armv7.a(armv7-mmu.o)
                0x0000ce24                disable_l1_dcache
                0x0000ce34                invalidate_l1_dcache
                0x0000cecc                enable_mmu
                0x0000d12c                enable_l1_dcache
                0x0000d13c                enable_l1_icache
                0x0000d140                disable_l1_icache
                0x0000d144                enable_branch_predictor
                0x0000d148                disable_branch_predictor
                0x0000d14c                l1_cache_detect
                0x0000d150                flush_icache
                0x0000d168                flush_dcache
 .text          0x0000d19c      0x308 processes/processes-armv7.a(process.armv7.o)
                0x0000d19c                process_get_totals
                0x0000d1dc                process_lookup
                0x0000d210                process_lookup_child
                0x0000d24c                process_create
                0x0000d37c                process_destroy
                0x0000d43c                process_save
                0x0000d460                process_switch
 .text          0x0000d4a4      0x384 processes/processes-armv7.a(exec.armv7.o)
                0x0000d4a4                execve
 .text          0x0000d828       0x28 processes/processes-armv7.a(exit.armv7.o)
                0x0000d828                exit
 .text          0x0000d850       0xe4 processes/processes-armv7.a(idle_task.armv7.o)
                0x0000d888                create_idle_task
 .text          0x0000d934       0xc4 processes/processes-armv7.a(scheduler.armv7.o)
                0x0000d934                schedule
                0x0000d9e8                sched_yield
 .text          0x0000d9f8       0xd0 processes/processes-armv7.a(userspace.armv7.o)
                0x0000d9f8                enter_userspace
                0x0000da28                start_userspace
 .text          0x0000dac8       0xa4 processes/processes-armv7.a(vfork.armv7.o)
                0x0000dac8                vfork
 .text          0x0000db6c       0xf4 processes/processes-armv7.a(waitpid.armv7.o)
                0x0000db6c                waitpid_done
                0x0000db84                waitpid
 .text          0x0000dc60       0x8c processes/processes-armv7.a(waitqueue.armv7.o)
                0x0000dc60                wait_queue_add
                0x0000dcac                wait_queue_wake
 .text          0x0000dcec      0x208 debug/debug-armv7.a(panic.armv7.o)
                0x0000dcec                dump_saved_user_state
                0x0000dd84                dump_saved_kernel_state
                0x0000de08                dump_kernel_regs
                0x0000de98                dump_memory
 .text          0x0000def4       0x60 time/time-armv7.a(time.armv7.o)
                0x0000def4                time_since_boot
                0x0000df08                ticks_since_boot
                0x0000df18                clock_gettime
 .text          0x0000df54       0x78 lib/lib-armv7.a(memcpy.armv7.o)
                0x0000df54                memcpy
                0x0000df7c                memcpy_4byte
 .text          0x0000dfcc      0x154 lib/lib-armv7.a(memset.armv7.o)
                0x0000dfcc                memset_byte
                0x0000dff4                memset_4byte
                0x0000e080                memset
 .text          0x0000e120      0x4f4 lib/lib-armv7.a(printk.armv7.o)
                0x0000e120                vsprintf
                0x0000e554                printk
                0x0000e598                serial_printk
                0x0000e5dc                sprintf
 .text          0x0000e614      0x228 lib/lib-armv7.a(string.armv7.o)
                0x0000e614                strncmp
                0x0000e658                memcmp
                0x0000e6a0                strncpy
                0x0000e700                strlcpy
                0x0000e770                strncat
                0x0000e808                strlen

.glue_7         0x0000e83c        0x0
 .glue_7        0x0000e83c        0x0 linker stubs

.glue_7t        0x0000e83c        0x0
 .glue_7t       0x0000e83c        0x0 linker stubs

.vfp11_veneer   0x0000e83c        0x0
 .vfp11_veneer  0x0000e83c        0x0 linker stubs

.v4_bx          0x0000e83c        0x0
 .v4_bx         0x0000e83c        0x0 linker stubs

.iplt           0x0000e83c        0x0
 .iplt          0x0000e83c        0x0 kernel_main.armv7.o
                0x0000f000                        . = ALIGN (0x1000)
                0x0000f000                        __text_end = .
                0x0000f000                        __rodata_start = .

.rodata         0x0000f000       0x40
 *(.rodata)
 .rodata        0x0000f000       0x40 drivers/framebuffer/framebuffer.armv7.a(framebuffer_console.armv7.o)

.rodata.str1.4  0x0000f040     0x1340
 .rodata.str1.4
                0x0000f040      0x1de kernel_main.armv7.o
 *fill*         0x0000f21e        0x2 
 .rodata.str1.4
                0x0000f220      0x16a boot/boot-armv7.a(hardware_detect.armv7.o)
                                0x172 (size before relaxing)
 *fill*         0x0000f38a        0x2 
 .rodata.str1.4
                0x0000f38c      0x359 boot/boot-armv7.a(device_tree.armv7.o)
 *fill*         0x0000f6e5        0x3 
 .rodata.str1.4
                0x0000f6e8      0x123 interrupts/interrupts-armv7.a(interrupts.armv7.o)
 *fill*         0x0000f80b        0x1 
 .rodata.str1.4
                0x0000f80c       0xf8 syscalls/syscalls-armv7.a(syscalls.armv7.o)
 .rodata.str1.4
                0x0000f904       0x39 syscalls/syscalls-armv7.a(uname.armv7.o)
                                 0x3d (size before relaxing)
 *fill*         0x0000f93d        0x3 
 .rodata.str1.4
                0x0000f940       0x8b fs/files.armv7.o
                                 0x93 (size before relaxing)
 *fill*         0x0000f9cb        0x1 
 .rodata.str1.4
                0x0000f9cc       0x59 fs/romfs/romfs-armv7.a(romfs.armv7.o)
 *fill*         0x0000fa25        0x3 
 .rodata.str1.4
                0x0000fa28       0x57 drivers/block/block.armv7.a(ramdisk.armv7.o)
 *fill*         0x0000fa7f        0x1 
 .rodata.str1.4
                0x0000fa80      0x105 drivers/framebuffer/framebuffer.armv7.a(framebuffer.armv7.o)
 *fill*         0x0000fb85        0x3 
 .rodata.str1.4
                0x0000fb88       0x62 drivers/framebuffer/framebuffer.armv7.a(framebuffer_console.armv7.o)
 *fill*         0x0000fbea        0x2 
 .rodata.str1.4
                0x0000fbec       0x56 drivers/led/led.armv7.a(led.armv7.o)
 *fill*         0x0000fc42        0x2 
 .rodata.str1.4
                0x0000fc44      0x11d drivers/firmware/firmware.armv7.a(mailbox.armv7.o)
 *fill*         0x0000fd61        0x3 
 .rodata.str1.4
                0x0000fd64       0x7b drivers/gpio/gpio.armv7.a(gpio.armv7.o)
 *fill*         0x0000fddf        0x1 
 .rodata.str1.4
                0x0000fde0       0x40 drivers/serial/serial.armv7.a(pl011_uart.armv7.o)
 .rodata.str1.4
                0x0000fe20       0x40 drivers/serial/serial.armv7.a(mini_uart.armv7.o)
 .rodata.str1.4
                0x0000fe20      0x124 memory/memory-armv7.a(memory.armv7.o)
 .rodata.str1.4
                0x0000ff44      0x19f memory/memory-armv7.a(armv7-mmu.o)
 *fill*         0x000100e3        0x1 
 .rodata.str1.4
                0x000100e4       0x8d processes/processes-armv7.a(process.armv7.o)
 *fill*         0x00010171        0x3 
 .rodata.str1.4
                0x00010174       0x57 processes/processes-armv7.a(exec.armv7.o)
 *fill*         0x000101cb        0x1 
 .rodata.str1.4
                0x000101cc       0x39 processes/processes-armv7.a(idle_task.armv7.o)
 *fill*         0x00010205        0x3 
 .rodata.str1.4
                0x00010208       0x32 processes/processes-armv7.a(userspace.armv7.o)
                                 0x36 (size before relaxing)
 *fill*         0x0001023a        0x2 
 .rodata.str1.4
                0x0001023c       0x17 processes/processes-armv7.a(vfork.armv7.o)
 *fill*         0x00010253        0x1 
 .rodata.str1.4
                0x00010254       0x2d processes/processes-armv7.a(waitpid.armv7.o)
 *fill*         0x00010281        0x3 
 .rodata.str1.4
                0x00010284       0xfc debug/debug-armv7.a(panic.armv7.o)
                                0x100 (size before relaxing)

.rel.dyn        0x00010380        0x0
 .rel.iplt      0x00010380        0x0 kernel_main.armv7.o
                0x00011000                        . = ALIGN (0x1000)
                0x00011000                        __rodata_end = .
                0x00011000                        __data_start = .

.data           0x00011000    0x20c24
 *(.data)
 .data          0x00011000    0x1fc00 kernel_main.armv7.o
                0x00011000                initrd_image
 .data          0x00030c00        0x0 boot/boot-armv7.a(boot-armv7.o)
 .data          0x00030c00        0x4 boot/boot-armv7.a(hardware_detect.armv7.o)
                0x00030c00                hardware_type
 .data          0x00030c04        0x0 boot/boot-armv7.a(device_tree.armv7.o)
 .data          0x00030c04        0x0 interrupts/interrupts-armv7.a(interrupts.armv7.o)
 .data          0x00030c04        0x0 interrupts/interrupts-armv7.a(irq_handler.armv7.o)
 .data          0x00030c04        0x0 interrupts/interrupts-armv7.a(gic-400.armv7.o)
 .data          0x00030c04        0x0 syscalls/syscalls-armv7.a(swi_handler.armv7.o)
 .data          0x00030c04        0x0 syscalls/syscalls-armv7.a(syscalls.armv7.o)
 .data          0x00030c04        0x0 syscalls/syscalls-armv7.a(nanosleep.armv7.o)
 .data          0x00030c04        0x0 syscalls/syscalls-armv7.a(sysinfo.armv7.o)
 .data          0x00030c04        0x0 syscalls/syscalls-armv7.a(times.armv7.o)
 .data          0x00030c04        0x0 syscalls/syscalls-armv7.a(uname.armv7.o)
 .data          0x00030c04        0x0 fs/files.armv7.o
 .data          0x00030c04        0x0 fs/romfs/romfs-armv7.a(romfs.armv7.o)
 .data          0x00030c04        0x0 drivers/drivers.armv7.o
 .data          0x00030c04        0x0 drivers/bcm2835/bcm2835.armv7.a(bcm2835_io.armv7.o)
 .data          0x00030c04        0x0 drivers/block/block.armv7.a(ramdisk.armv7.o)
 .data          0x00030c04        0x0 drivers/console/console.armv7.a(console_io.armv7.o)
 .data          0x00030c04        0x0 drivers/framebuffer/framebuffer.armv7.a(framebuffer.armv7.o)
 .data          0x00030c04     0x1010 drivers/framebuffer/framebuffer.armv7.a(framebuffer_console.armv7.o)
                0x00030c14                default_font
 .data          0x00031c14        0x8 drivers/led/led.armv7.a(led.armv7.o)
 .data          0x00031c1c        0x0 drivers/serial/serial.armv7.a(serial.armv7.o)
 .data          0x00031c1c        0x4 drivers/timer/timer.armv7.a(sp804_timer.armv7.o)
                0x00031c1c                blinking_enabled
 .data          0x00031c20        0x0 drivers/firmware/firmware.armv7.a(mailbox.armv7.o)
 .data          0x00031c20        0x0 drivers/gpio/gpio.armv7.a(gpio.armv7.o)
 .data          0x00031c20        0x0 drivers/serial/serial.armv7.a(pl011_uart.armv7.o)
 .data          0x00031c20        0x0 drivers/serial/serial.armv7.a(mini_uart.armv7.o)
 .data          0x00031c20        0x0 memory/memory-armv7.a(memory.armv7.o)
 .data          0x00031c20        0x0 memory/memory-armv7.a(armv7-mmu.o)
 .data          0x00031c20        0x0 processes/processes-armv7.a(process.armv7.o)
 .data          0x00031c20        0x0 processes/processes-armv7.a(exec.armv7.o)
 .data          0x00031c20        0x0 processes/processes-armv7.a(exit.armv7.o)
 .data          0x00031c20        0x0 processes/processes-armv7.a(idle_task.armv7.o)
 .data          0x00031c20        0x4 processes/processes-armv7.a(scheduler.armv7.o)
                0x00031c20                scheduling_enabled
 .data          0x00031c24        0x0 processes/processes-armv7.a(userspace.armv7.o)
 .data          0x00031c24        0x0 processes/processes-armv7.a(vfork.armv7.o)
 .data          0x00031c24        0x0 processes/processes-armv7.a(waitpid.armv7.o)
 .data          0x00031c24        0x0 processes/processes-armv7.a(waitqueue.armv7.o)
 .data          0x00031c24        0x0 debug/debug-armv7.a(panic.armv7.o)
 .data          0x00031c24        0x0 time/time-armv7.a(time.armv7.o)
 .data          0x00031c24        0x0 lib/lib-armv7.a(memcpy.armv7.o)
 .data          0x00031c24        0x0 lib/lib-armv7.a(memset.armv7.o)
 .data          0x00031c24        0x0 lib/lib-armv7.a(printk.armv7.o)
 .data          0x00031c24        0x0 lib/lib-armv7.a(string.armv7.o)

.igot.plt       0x00031c24        0x0
 .igot.plt      0x00031c24        0x0 kernel_main.armv7.o
                0x00032000                        . = ALIGN (0x1000)
                0x00032000                        __data_end = .
                0x00032000                        __bss_start = .

.bss            0x00034000   0xc31008
                0x00034000                        bss = .
 *(.bss)
 .bss           0x00034000        0x0 kernel_main.armv7.o
 .bss           0x00034000        0x0 boot/boot-armv7.a(boot-armv7.o)
 .bss           0x00034000      0x410 boot/boot-armv7.a(hardware_detect.armv7.o)
                0x00034408                io_base
                0x0003440c                act_led_gpio
 .bss           0x00034410       0x2c boot/boot-armv7.a(device_tree.armv7.o)
                0x00034410                device_tree
 .bss           0x0003443c        0x0 interrupts/interrupts-armv7.a(interrupts.armv7.o)
 .bss           0x0003443c        0x0 interrupts/interrupts-armv7.a(irq_handler.armv7.o)
 .bss           0x0003443c        0x4 interrupts/interrupts-armv7.a(gic-400.armv7.o)
                0x0003443c                num_interrupts
 .bss           0x00034440        0x0 syscalls/syscalls-armv7.a(swi_handler.armv7.o)
 .bss           0x00034440        0x0 syscalls/syscalls-armv7.a(syscalls.armv7.o)
 .bss           0x00034440        0x0 syscalls/syscalls-armv7.a(nanosleep.armv7.o)
 .bss           0x00034440        0x0 syscalls/syscalls-armv7.a(sysinfo.armv7.o)
 .bss           0x00034440        0x0 syscalls/syscalls-armv7.a(times.armv7.o)
 .bss           0x00034440        0x0 syscalls/syscalls-armv7.a(uname.armv7.o)
 .bss           0x00034440      0x1c4 fs/files.armv7.o
                0x00034440                fd_table
                0x000345c4                superblock_table
 .bss           0x00034604        0x0 fs/romfs/romfs-armv7.a(romfs.armv7.o)
 .bss           0x00034604        0x0 drivers/drivers.armv7.o
 .bss           0x00034604        0x0 drivers/bcm2835/bcm2835.armv7.a(bcm2835_io.armv7.o)
 .bss           0x00034604        0xc drivers/block/block.armv7.a(ramdisk.armv7.o)
                0x00034604                ramdisk_info
 .bss           0x00034610      0x114 drivers/console/console.armv7.a(console_io.armv7.o)
                0x00034718                console_wait_queue
                0x0003471c                console_read_mutex
                0x00034720                console_write_mutex
 .bss           0x00034724   0xc0002c drivers/framebuffer/framebuffer.armv7.a(framebuffer.armv7.o)
                0x00034728                current_fb
 .bss           0x00c34750     0x1624 drivers/framebuffer/framebuffer.armv7.a(framebuffer_console.armv7.o)
 .bss           0x00c35d74        0x4 drivers/led/led.armv7.a(led.armv7.o)
 .bss           0x00c35d78       0x28 drivers/serial/serial.armv7.a(serial.armv7.o)
 .bss           0x00c35da0       0x10 drivers/timer/timer.armv7.a(sp804_timer.armv7.o)
                0x00c35da0                tick_counter
 .bss           0x00c35db0        0x0 drivers/firmware/firmware.armv7.a(mailbox.armv7.o)
 .bss           0x00c35db0        0x8 drivers/gpio/gpio.armv7.a(gpio.armv7.o)
 .bss           0x00c35db8        0x0 drivers/serial/serial.armv7.a(pl011_uart.armv7.o)
 .bss           0x00c35db8        0x0 drivers/serial/serial.armv7.a(mini_uart.armv7.o)
 .bss           0x00c35db8     0x8008 memory/memory-armv7.a(memory.armv7.o)
 *fill*         0x00c3ddc0     0x2240 
 .bss           0x00c40000     0x4000 memory/memory-armv7.a(armv7-mmu.o)
                0x00c40000                page_table
 .bss           0x00c44000    0x21004 processes/processes-armv7.a(process.armv7.o)
                0x00c44000                proc_first
                0x00c44008                current_process
                0x00c65000                userspace_started
 .bss           0x00c65004        0x0 processes/processes-armv7.a(exec.armv7.o)
 .bss           0x00c65004        0x0 processes/processes-armv7.a(exit.armv7.o)
 .bss           0x00c65004        0x0 processes/processes-armv7.a(idle_task.armv7.o)
 .bss           0x00c65004        0x0 processes/processes-armv7.a(scheduler.armv7.o)
 .bss           0x00c65004        0x0 processes/processes-armv7.a(userspace.armv7.o)
 .bss           0x00c65004        0x0 processes/processes-armv7.a(vfork.armv7.o)
 .bss           0x00c65004        0x4 processes/processes-armv7.a(waitpid.armv7.o)
                0x00c65004                waitpid_wait_queue
 .bss           0x00c65008        0x0 processes/processes-armv7.a(waitqueue.armv7.o)
 .bss           0x00c65008        0x0 debug/debug-armv7.a(panic.armv7.o)
 .bss           0x00c65008        0x0 time/time-armv7.a(time.armv7.o)
 .bss           0x00c65008        0x0 lib/lib-armv7.a(memcpy.armv7.o)
 .bss           0x00c65008        0x0 lib/lib-armv7.a(memset.armv7.o)
 .bss           0x00c65008        0x0 lib/lib-armv7.a(printk.armv7.o)
 .bss           0x00c65008        0x0 lib/lib-armv7.a(string.armv7.o)
                0x00c66000                        . = ALIGN (0x1000)
                0x00c66000                        __bss_end = .
                0x00c66000                        __end = .
LOAD kernel_main.armv7.o
LOAD boot/boot-armv7.a
LOAD interrupts/interrupts-armv7.a
LOAD syscalls/syscalls-armv7.a
LOAD fs/fs-armv7.a
LOAD drivers/drivers-armv7.a
LOAD memory/memory-armv7.a
LOAD processes/processes-armv7.a
LOAD debug/debug-armv7.a
LOAD time/time-armv7.a
LOAD lib/lib-armv7.a
OUTPUT(kernel7.elf elf32-littlearm)
LOAD linker stubs

.comment        0x00000000       0x45
 .comment       0x00000000       0x45 kernel_main.armv7.o
                                 0x46 (size before relaxing)
 .comment       0x00000045       0x46 boot/boot-armv7.a(hardware_detect.armv7.o)
 .comment       0x00000045       0x46 boot/boot-armv7.a(device_tree.armv7.o)
 .comment       0x00000045       0x46 interrupts/interrupts-armv7.a(interrupts.armv7.o)
 .comment       0x00000045       0x46 interrupts/interrupts-armv7.a(gic-400.armv7.o)
 .comment       0x00000045       0x46 syscalls/syscalls-armv7.a(syscalls.armv7.o)
 .comment       0x00000045       0x46 syscalls/syscalls-armv7.a(nanosleep.armv7.o)
 .comment       0x00000045       0x46 syscalls/syscalls-armv7.a(sysinfo.armv7.o)
 .comment       0x00000045       0x46 syscalls/syscalls-armv7.a(times.armv7.o)
 .comment       0x00000045       0x46 syscalls/syscalls-armv7.a(uname.armv7.o)
 .comment       0x00000045       0x46 fs/files.armv7.o
 .comment       0x00000045       0x46 fs/romfs/romfs-armv7.a(romfs.armv7.o)
 .comment       0x00000045       0x46 drivers/drivers.armv7.o
 .comment       0x00000045       0x46 drivers/bcm2835/bcm2835.armv7.a(bcm2835_io.armv7.o)
 .comment       0x00000045       0x46 drivers/block/block.armv7.a(ramdisk.armv7.o)
 .comment       0x00000045       0x46 drivers/console/console.armv7.a(console_io.armv7.o)
 .comment       0x00000045       0x46 drivers/framebuffer/framebuffer.armv7.a(framebuffer.armv7.o)
 .comment       0x00000045       0x46 drivers/framebuffer/framebuffer.armv7.a(framebuffer_console.armv7.o)
 .comment       0x00000045       0x46 drivers/led/led.armv7.a(led.armv7.o)
 .comment       0x00000045       0x46 drivers/serial/serial.armv7.a(serial.armv7.o)
 .comment       0x00000045       0x46 drivers/timer/timer.armv7.a(sp804_timer.armv7.o)
 .comment       0x00000045       0x46 drivers/firmware/firmware.armv7.a(mailbox.armv7.o)
 .comment       0x00000045       0x46 drivers/gpio/gpio.armv7.a(gpio.armv7.o)
 .comment       0x00000045       0x46 drivers/serial/serial.armv7.a(pl011_uart.armv7.o)
 .comment       0x00000045       0x46 drivers/serial/serial.armv7.a(mini_uart.armv7.o)
 .comment       0x00000045       0x46 memory/memory-armv7.a(memory.armv7.o)
 .comment       0x00000045       0x46 memory/memory-armv7.a(armv7-mmu.o)
 .comment       0x00000045       0x46 processes/processes-armv7.a(process.armv7.o)
 .comment       0x00000045       0x46 processes/processes-armv7.a(exec.armv7.o)
 .comment       0x00000045       0x46 processes/processes-armv7.a(exit.armv7.o)
 .comment       0x00000045       0x46 processes/processes-armv7.a(idle_task.armv7.o)
 .comment       0x00000045       0x46 processes/processes-armv7.a(scheduler.armv7.o)
 .comment       0x00000045       0x46 processes/processes-armv7.a(userspace.armv7.o)
 .comment       0x00000045       0x46 processes/processes-armv7.a(vfork.armv7.o)
 .comment       0x00000045       0x46 processes/processes-armv7.a(waitpid.armv7.o)
 .comment       0x00000045       0x46 processes/processes-armv7.a(waitqueue.armv7.o)
 .comment       0x00000045       0x46 debug/debug-armv7.a(panic.armv7.o)
 .comment       0x00000045       0x46 time/time-armv7.a(time.armv7.o)
 .comment       0x00000045       0x46 lib/lib-armv7.a(memcpy.armv7.o)
 .comment       0x00000045       0x46 lib/lib-armv7.a(memset.armv7.o)
 .comment       0x00000045       0x46 lib/lib-armv7.a(printk.armv7.o)
 .comment       0x00000045       0x46 lib/lib-armv7.a(string.armv7.o)

.ARM.attributes
                0x00000000       0x39
 .ARM.attributes
                0x00000000       0x2f kernel_main.armv7.o
 .ARM.attributes
                0x0000002f       0x29 boot/boot-armv7.a(boot-armv7.o)
 .ARM.attributes
                0x00000058       0x35 boot/boot-armv7.a(hardware_detect.armv7.o)
 .ARM.attributes
                0x0000008d       0x35 boot/boot-armv7.a(device_tree.armv7.o)
 .ARM.attributes
                0x000000c2       0x35 interrupts/interrupts-armv7.a(interrupts.armv7.o)
 .ARM.attributes
                0x000000f7       0x29 interrupts/interrupts-armv7.a(irq_handler.armv7.o)
 .ARM.attributes
                0x00000120       0x35 interrupts/interrupts-armv7.a(gic-400.armv7.o)
 .ARM.attributes
                0x00000155       0x29 syscalls/syscalls-armv7.a(swi_handler.armv7.o)
 .ARM.attributes
                0x0000017e       0x35 syscalls/syscalls-armv7.a(syscalls.armv7.o)
 .ARM.attributes
                0x000001b3       0x35 syscalls/syscalls-armv7.a(nanosleep.armv7.o)
 .ARM.attributes
                0x000001e8       0x35 syscalls/syscalls-armv7.a(sysinfo.armv7.o)
 .ARM.attributes
                0x0000021d       0x35 syscalls/syscalls-armv7.a(times.armv7.o)
 .ARM.attributes
                0x00000252       0x35 syscalls/syscalls-armv7.a(uname.armv7.o)
 .ARM.attributes
                0x00000287       0x35 fs/files.armv7.o
 .ARM.attributes
                0x000002bc       0x35 fs/romfs/romfs-armv7.a(romfs.armv7.o)
 .ARM.attributes
                0x000002f1       0x35 drivers/drivers.armv7.o
 .ARM.attributes
                0x00000326       0x35 drivers/bcm2835/bcm2835.armv7.a(bcm2835_io.armv7.o)
 .ARM.attributes
                0x0000035b       0x35 drivers/block/block.armv7.a(ramdisk.armv7.o)
 .ARM.attributes
                0x00000390       0x35 drivers/console/console.armv7.a(console_io.armv7.o)
 .ARM.attributes
                0x000003c5       0x35 drivers/framebuffer/framebuffer.armv7.a(framebuffer.armv7.o)
 .ARM.attributes
                0x000003fa       0x35 drivers/framebuffer/framebuffer.armv7.a(framebuffer_console.armv7.o)
 .ARM.attributes
                0x0000042f       0x35 drivers/led/led.armv7.a(led.armv7.o)
 .ARM.attributes
                0x00000464       0x35 drivers/serial/serial.armv7.a(serial.armv7.o)
 .ARM.attributes
                0x00000499       0x35 drivers/timer/timer.armv7.a(sp804_timer.armv7.o)
 .ARM.attributes
                0x000004ce       0x35 drivers/firmware/firmware.armv7.a(mailbox.armv7.o)
 .ARM.attributes
                0x00000503       0x35 drivers/gpio/gpio.armv7.a(gpio.armv7.o)
 .ARM.attributes
                0x00000538       0x35 drivers/serial/serial.armv7.a(pl011_uart.armv7.o)
 .ARM.attributes
                0x0000056d       0x35 drivers/serial/serial.armv7.a(mini_uart.armv7.o)
 .ARM.attributes
                0x000005a2       0x35 memory/memory-armv7.a(memory.armv7.o)
 .ARM.attributes
                0x000005d7       0x35 memory/memory-armv7.a(armv7-mmu.o)
 .ARM.attributes
                0x0000060c       0x35 processes/processes-armv7.a(process.armv7.o)
 .ARM.attributes
                0x00000641       0x35 processes/processes-armv7.a(exec.armv7.o)
 .ARM.attributes
                0x00000676       0x35 processes/processes-armv7.a(exit.armv7.o)
 .ARM.attributes
                0x000006ab       0x35 processes/processes-armv7.a(idle_task.armv7.o)
 .ARM.attributes
                0x000006e0       0x35 processes/processes-armv7.a(scheduler.armv7.o)
 .ARM.attributes
                0x00000715       0x35 processes/processes-armv7.a(userspace.armv7.o)
 .ARM.attributes
                0x0000074a       0x2f processes/processes-armv7.a(vfork.armv7.o)
 .ARM.attributes
                0x00000779       0x2f processes/processes-armv7.a(waitpid.armv7.o)
 .ARM.attributes
                0x000007a8       0x2f processes/processes-armv7.a(waitqueue.armv7.o)
 .ARM.attributes
                0x000007d7       0x35 debug/debug-armv7.a(panic.armv7.o)
 .ARM.attributes
                0x0000080c       0x35 time/time-armv7.a(time.armv7.o)
 .ARM.attributes
                0x00000841       0x35 lib/lib-armv7.a(memcpy.armv7.o)
 .ARM.attributes
                0x00000876       0x35 lib/lib-armv7.a(memset.armv7.o)
 .ARM.attributes
                0x000008ab       0x35 lib/lib-armv7.a(printk.armv7.o)
 .ARM.attributes
                0x000008e0       0x35 lib/lib-armv7.a(string.armv7.o)
