Archive member included to satisfy reference by file (symbol)

boot/boot-armv7.a(boot-armv7.o)
                              (_start)
boot/boot-armv7.a(hardware_detect.armv7.o)
                              kernel_main.armv7.o (hardware_detect)
boot/boot-armv7.a(device_tree.armv7.o)
                              boot/boot-armv7.a(hardware_detect.armv7.o) (devicetree_setup)
interrupts/interrupts-armv7.a(interrupts.armv7.o)
                              kernel_main.armv7.o (platform_irq_enable)
interrupts/interrupts-armv7.a(irq_handler.armv7.o)
                              boot/boot-armv7.a(boot-armv7.o) (interrupt_handler)
interrupts/interrupts-armv7.a(gic-400.armv7.o)
                              interrupts/interrupts-armv7.a(interrupts.armv7.o) (gic400_init)
syscalls/syscalls-armv7.a(swi_handler.armv7.o)
                              boot/boot-armv7.a(boot-armv7.o) (swi_handler)
syscalls/syscalls-armv7.a(syscalls.armv7.o)
                              syscalls/syscalls-armv7.a(swi_handler.armv7.o) (swi_handler_c)
syscalls/syscalls-armv7.a(nanosleep.armv7.o)
                              syscalls/syscalls-armv7.a(syscalls.armv7.o) (nanosleep)
syscalls/syscalls-armv7.a(sysinfo.armv7.o)
                              syscalls/syscalls-armv7.a(syscalls.armv7.o) (sysinfo)
syscalls/syscalls-armv7.a(times.armv7.o)
                              syscalls/syscalls-armv7.a(syscalls.armv7.o) (times)
syscalls/syscalls-armv7.a(uname.armv7.o)
                              syscalls/syscalls-armv7.a(syscalls.armv7.o) (uname)
fs/files.armv7.o              syscalls/syscalls-armv7.a(syscalls.armv7.o) (close)
fs/romfs/romfs-armv7.a(romfs.armv7.o)
                              fs/files.armv7.o (romfs_stat)
drivers/drivers.armv7.o       kernel_main.armv7.o (drivers_init_all)
drivers/bcm2835/bcm2835.armv7.a(bcm2835_io.armv7.o)
                              interrupts/interrupts-armv7.a(interrupts.armv7.o) (bcm2835_write)
drivers/block/block.armv7.a(ramdisk.armv7.o)
                              fs/romfs/romfs-armv7.a(romfs.armv7.o) (ramdisk_read)
drivers/console/console.armv7.a(console_io.armv7.o)
                              fs/files.armv7.o (console_write)
drivers/framebuffer/framebuffer.armv7.a(framebuffer.armv7.o)
                              drivers/drivers.armv7.o (framebuffer_init)
drivers/framebuffer/framebuffer.armv7.a(framebuffer_console.armv7.o)
                              syscalls/syscalls-armv7.a(syscalls.armv7.o) (framebuffer_console_setfont)
drivers/led/led.armv7.a(led.armv7.o)
                              drivers/drivers.armv7.o (led_init)
drivers/serial/serial.armv7.a(serial.armv7.o)
                              kernel_main.armv7.o (serial_init)
drivers/timer/timer.armv7.a(sp804_timer.armv7.o)
                              drivers/drivers.armv7.o (timer_init)
drivers/keyboard/ps2_keyboard.armv7.a(ps2_keyboard.armv7.o)
                              syscalls/syscalls-armv7.a(syscalls.armv7.o) (is_esc_pressed)
drivers/firmware/firmware.armv7.a(mailbox.armv7.o)
                              drivers/framebuffer/framebuffer.armv7.a(framebuffer.armv7.o) (mailbox_write)
drivers/gpio/gpio.armv7.a(gpio.armv7.o)
                              drivers/led/led.armv7.a(led.armv7.o) (gpio_request)
drivers/serial/serial.armv7.a(pl011_uart.armv7.o)
                              drivers/serial/serial.armv7.a(serial.armv7.o) (pl011_uart_init)
drivers/serial/serial.armv7.a(mini_uart.armv7.o)
                              drivers/serial/serial.armv7.a(serial.armv7.o) (mini_uart_init)
memory/memory-armv7.a(memory.armv7.o)
                              syscalls/syscalls-armv7.a(sysinfo.armv7.o) (memory_total_free)
memory/memory-armv7.a(armv7-mmu.o)
                              memory/memory-armv7.a(memory.armv7.o) (enable_mmu)
processes/processes-armv7.a(process.armv7.o)
                              syscalls/syscalls-armv7.a(sysinfo.armv7.o) (process_get_totals)
processes/processes-armv7.a(exec.armv7.o)
                              syscalls/syscalls-armv7.a(syscalls.armv7.o) (execve)
processes/processes-armv7.a(exit.armv7.o)
                              interrupts/interrupts-armv7.a(interrupts.armv7.o) (exit)
processes/processes-armv7.a(idle_task.armv7.o)
                              kernel_main.armv7.o (create_idle_task)
processes/processes-armv7.a(scheduler.armv7.o)
                              interrupts/interrupts-armv7.a(interrupts.armv7.o) (schedule)
processes/processes-armv7.a(userspace.armv7.o)
                              kernel_main.armv7.o (start_userspace)
processes/processes-armv7.a(vfork.armv7.o)
                              syscalls/syscalls-armv7.a(syscalls.armv7.o) (vfork)
processes/processes-armv7.a(waitpid.armv7.o)
                              processes/processes-armv7.a(exit.armv7.o) (waitpid_done)
processes/processes-armv7.a(waitqueue.armv7.o)
                              drivers/console/console.armv7.a(console_io.armv7.o) (wait_queue_add)
debug/debug-armv7.a(panic.armv7.o)
                              drivers/console/console.armv7.a(console_io.armv7.o) (dump_saved_user_state)
time/time-armv7.a(time.armv7.o)
                              syscalls/syscalls-armv7.a(syscalls.armv7.o) (time_since_boot)
lib/lib-armv7.a(memcpy.armv7.o)
                              boot/boot-armv7.a(device_tree.armv7.o) (memcpy)
lib/lib-armv7.a(memset.armv7.o)
                              syscalls/syscalls-armv7.a(sysinfo.armv7.o) (memset)
lib/lib-armv7.a(printk.armv7.o)
                              kernel_main.armv7.o (printk)
lib/lib-armv7.a(string.armv7.o)
                              boot/boot-armv7.a(device_tree.armv7.o) (strncmp)

Memory Configuration

Name             Origin             Length             Attributes
*default*        0x00000000         0xffffffff

Linker script and memory map

                0x00008000                        . = 0x8000
                0x00008000                        __start = .
                0x00008000                        __text_start = .

.text           0x00008000     0x6bc4
 *(.text.boot)
 .text.boot     0x00008000      0x11c boot/boot-armv7.a(boot-armv7.o)
                0x00008000                _start
 *(.text)
 .text          0x0000811c      0x1cc kernel_main.armv7.o
                0x0000811c                print_boot_message
                0x000081e8                kernel_main
 .text          0x000082e8        0x0 boot/boot-armv7.a(boot-armv7.o)
 .text          0x000082e8      0x6a0 boot/boot-armv7.a(hardware_detect.armv7.o)
                0x000082e8                hardware_detect
                0x000085dc                hardware_print_model
                0x000087dc                hardware_print_commandline
                0x00008830                hardware_get_type
                0x00008840                hardware_get_memory
                0x00008890                hardware_setup_vars
 .text          0x00008988      0x9dc boot/boot-armv7.a(device_tree.armv7.o)
                0x00008cc4                devicetree_setup
                0x00008d78                devicetree_find_reserved
                0x00008ed8                devicetree_find_string
                0x00008f40                devicetree_find_int
                0x00008fa8                devicetree_find_int64
                0x00009018                devicetree_get_memory
 .text          0x00009364      0x348 interrupts/interrupts-armv7.a(interrupts.armv7.o)
                0x00009364                platform_irq_enable
                0x000093a4                irq_enable
                0x0000940c                irq_disable
                0x00009474                interrupt_handler_c
                0x00009580                fiq_handler
                0x00009598                data_abort_handler
                0x00009620                prefetch_abort_handler
                0x00009690                undef_handler
 .text          0x000096ac       0x40 interrupts/interrupts-armv7.a(irq_handler.armv7.o)
                0x000096ac                interrupt_handler
 .text          0x000096ec      0x11c interrupts/interrupts-armv7.a(gic-400.armv7.o)
                0x000096ec                gic400_init
 .text          0x00009808       0x40 syscalls/syscalls-armv7.a(swi_handler.armv7.o)
                0x00009808                swi_handler
 .text          0x00009848      0x640 syscalls/syscalls-armv7.a(syscalls.armv7.o)
                0x00009848                swi_handler_c
 .text          0x00009e88       0x5c syscalls/syscalls-armv7.a(nanosleep.armv7.o)
                0x00009e88                nanosleep
 .text          0x00009ee4       0x7c syscalls/syscalls-armv7.a(sysinfo.armv7.o)
                0x00009ee4                sysinfo
 .text          0x00009f60       0x2c syscalls/syscalls-armv7.a(times.armv7.o)
                0x00009f60                times
 .text          0x00009f8c       0x84 syscalls/syscalls-armv7.a(uname.armv7.o)
                0x00009f8c                uname
 .text          0x0000a010      0x3c4 fs/files.armv7.o
                0x0000a010                fd_free
                0x0000a018                fd_allocate
                0x0000a070                get_inode
                0x0000a11c                close
                0x0000a124                open
                0x0000a144                read
                0x0000a1d4                write
                0x0000a20c                stat
                0x0000a234                mount
                0x0000a27c                fd_table_init
                0x0000a2b0                getdents
                0x0000a320                chdir
                0x0000a380                getcwd
                0x0000a3c8                statfs
 .text          0x0000a3d4      0x640 fs/romfs/romfs-armv7.a(romfs.armv7.o)
                0x0000a3d4                romfs_stat
                0x0000a514                romfs_get_inode
                0x0000a648                romfs_mount
                0x0000a720                romfs_statfs
                0x0000a7d4                romfs_read_file
                0x0000a850                romfs_getdents
 .text          0x0000aa14       0x2c drivers/drivers.armv7.o
                0x0000aa14                drivers_init_all
 .text          0x0000aa40       0x30 drivers/bcm2835/bcm2835.armv7.a(bcm2835_io.armv7.o)
                0x0000aa40                bcm2835_write
                0x0000aa58                bcm2835_read
 .text          0x0000aa70       0x88 drivers/block/block.armv7.a(ramdisk.armv7.o)
                0x0000aa70                ramdisk_read
                0x0000aac8                ramdisk_init
 .text          0x0000aaf8      0x14c drivers/console/console.armv7.a(console_io.armv7.o)
                0x0000aaf8                console_insert_char
                0x0000ab84                console_write
                0x0000aba4                console_read
 .text          0x0000ac44      0x568 drivers/framebuffer/framebuffer.armv7.a(framebuffer.armv7.o)
                0x0000aca0                framebuffer_ready
                0x0000acb0                framebuffer_init
                0x0000ae44                framebuffer_hline
                0x0000aeb8                framebuffer_vline
                0x0000af28                framebuffer_clear_screen
                0x0000afc4                framebuffer_putpixel
                0x0000b008                framebuffer_push
                0x0000b03c                framebuffer_gradient
                0x0000b11c                framebuffer_load
 .text          0x0000b1ac      0xa70 drivers/framebuffer/framebuffer.armv7.a(framebuffer_console.armv7.o)
                0x0000b274                framebuffer_console_putchar
                0x0000b2a4                framebuffer_console_clear
                0x0000b304                framebuffer_console_home
                0x0000b31c                framebuffer_console_push
                0x0000b3e8                framebuffer_console_setfont
                0x0000b420                framebuffer_console_write
                0x0000bb7c                framebuffer_console_val
                0x0000bba4                framebuffer_console_init
 .text          0x0000bc1c      0x150 drivers/led/led.armv7.a(led.armv7.o)
                0x0000bc1c                led_init
                0x0000bce8                led_on
                0x0000bd2c                led_off
 .text          0x0000bd6c       0xe4 drivers/serial/serial.armv7.a(serial.armv7.o)
                0x0000bd6c                serial_init
                0x0000bdc8                serial_write
                0x0000be30                serial_interrupt_handler
                0x0000be40                serial_enable_interrupts
 .text          0x0000be50      0x124 drivers/timer/timer.armv7.a(sp804_timer.armv7.o)
                0x0000be50                timer_init
                0x0000bea0                timer_interrupt_handler
                0x0000bf3c                timer_sleep_until
 .text          0x0000bf74      0x328 drivers/keyboard/ps2_keyboard.armv7.a(ps2_keyboard.armv7.o)
                0x0000bf74                translate_key
                0x0000c02c                is_esc_pressed
                0x0000c03c                ps2_interrupt_handler
                0x0000c1e0                ps2_keyboard_init
                0x0000c27c                ps2_keyboard_cleanup
 .text          0x0000c29c      0x128 drivers/firmware/firmware.armv7.a(mailbox.armv7.o)
                0x0000c29c                mailbox_write
                0x0000c334                mailbox_read
 .text          0x0000c3c4      0x3c8 drivers/gpio/gpio.armv7.a(gpio.armv7.o)
                0x0000c3c4                gpio_request
                0x0000c460                gpio_free
                0x0000c4cc                gpio_direction_input
                0x0000c544                gpio_direction_output
                0x0000c5c0                gpio_to_irq
                0x0000c5c8                gpio_get_value
                0x0000c628                gpio_set_value
                0x0000c6c4                gpio_set_falling
                0x0000c730                gpio_clear_interrupt
 .text          0x0000c78c      0x440 drivers/serial/serial.armv7.a(pl011_uart.armv7.o)
                0x0000c78c                pl011_uart_putc
                0x0000c7c0                pl011_uart_getc
                0x0000c7ec                pl011_uart_getc_noblock
                0x0000c820                pl011_uart_enable_interrupts
                0x0000c8a4                pl011_uart_interrupt_handler
                0x0000c8f8                pl011_uart_init
                0x0000ca5c                pl011_uart_putc_extra
                0x0000ca90                pl011_write
                0x0000cae8                old_pl011_uart_init
 .text          0x0000cbcc      0x2b0 drivers/serial/serial.armv7.a(mini_uart.armv7.o)
                0x0000cbcc                mini_uart_putc
                0x0000cc00                mini_uart_getc
                0x0000cc2c                mini_uart_getc_noblock
                0x0000cc60                mini_uart_enable_interrupts
                0x0000cce4                mini_uart_interrupt_handler
                0x0000cd38                mini_uart_init
 .text          0x0000ce7c      0x330 memory/memory-armv7.a(memory.armv7.o)
                0x0000ce7c                memory_total_free
                0x0000ced0                memory_allocate
                0x0000cfc0                memory_free
                0x0000d038                memory_get_total
                0x0000d048                memory_hierarchy_init
 .text          0x0000d1ac      0x378 memory/memory-armv7.a(armv7-mmu.o)
                0x0000d1ac                disable_l1_dcache
                0x0000d1bc                invalidate_l1_dcache
                0x0000d254                enable_mmu
                0x0000d4b4                enable_l1_dcache
                0x0000d4c4                enable_l1_icache
                0x0000d4c8                disable_l1_icache
                0x0000d4cc                enable_branch_predictor
                0x0000d4d0                disable_branch_predictor
                0x0000d4d4                l1_cache_detect
                0x0000d4d8                flush_icache
                0x0000d4f0                flush_dcache
 .text          0x0000d524      0x308 processes/processes-armv7.a(process.armv7.o)
                0x0000d524                process_get_totals
                0x0000d564                process_lookup
                0x0000d598                process_lookup_child
                0x0000d5d4                process_create
                0x0000d704                process_destroy
                0x0000d7c4                process_save
                0x0000d7e8                process_switch
 .text          0x0000d82c      0x384 processes/processes-armv7.a(exec.armv7.o)
                0x0000d82c                execve
 .text          0x0000dbb0       0x28 processes/processes-armv7.a(exit.armv7.o)
                0x0000dbb0                exit
 .text          0x0000dbd8       0xe4 processes/processes-armv7.a(idle_task.armv7.o)
                0x0000dc10                create_idle_task
 .text          0x0000dcbc       0xc4 processes/processes-armv7.a(scheduler.armv7.o)
                0x0000dcbc                schedule
                0x0000dd70                sched_yield
 .text          0x0000dd80       0xd0 processes/processes-armv7.a(userspace.armv7.o)
                0x0000dd80                enter_userspace
                0x0000ddb0                start_userspace
 .text          0x0000de50       0xa4 processes/processes-armv7.a(vfork.armv7.o)
                0x0000de50                vfork
 .text          0x0000def4       0xf4 processes/processes-armv7.a(waitpid.armv7.o)
                0x0000def4                waitpid_done
                0x0000df0c                waitpid
 .text          0x0000dfe8       0x8c processes/processes-armv7.a(waitqueue.armv7.o)
                0x0000dfe8                wait_queue_add
                0x0000e034                wait_queue_wake
 .text          0x0000e074      0x208 debug/debug-armv7.a(panic.armv7.o)
                0x0000e074                dump_saved_user_state
                0x0000e10c                dump_saved_kernel_state
                0x0000e190                dump_kernel_regs
                0x0000e220                dump_memory
 .text          0x0000e27c       0x60 time/time-armv7.a(time.armv7.o)
                0x0000e27c                time_since_boot
                0x0000e290                ticks_since_boot
                0x0000e2a0                clock_gettime
 .text          0x0000e2dc       0x78 lib/lib-armv7.a(memcpy.armv7.o)
                0x0000e2dc                memcpy
                0x0000e304                memcpy_4byte
 .text          0x0000e354      0x154 lib/lib-armv7.a(memset.armv7.o)
                0x0000e354                memset_byte
                0x0000e37c                memset_4byte
                0x0000e408                memset
 .text          0x0000e4a8      0x4f4 lib/lib-armv7.a(printk.armv7.o)
                0x0000e4a8                vsprintf
                0x0000e8dc                printk
                0x0000e920                serial_printk
                0x0000e964                sprintf
 .text          0x0000e99c      0x228 lib/lib-armv7.a(string.armv7.o)
                0x0000e99c                strncmp
                0x0000e9e0                memcmp
                0x0000ea28                strncpy
                0x0000ea88                strlcpy
                0x0000eaf8                strncat
                0x0000eb90                strlen

.glue_7         0x0000ebc4        0x0
 .glue_7        0x0000ebc4        0x0 linker stubs

.glue_7t        0x0000ebc4        0x0
 .glue_7t       0x0000ebc4        0x0 linker stubs

.vfp11_veneer   0x0000ebc4        0x0
 .vfp11_veneer  0x0000ebc4        0x0 linker stubs

.v4_bx          0x0000ebc4        0x0
 .v4_bx         0x0000ebc4        0x0 linker stubs

.iplt           0x0000ebc4        0x0
 .iplt          0x0000ebc4        0x0 kernel_main.armv7.o
                0x0000f000                        . = ALIGN (0x1000)
                0x0000f000                        __text_end = .
                0x0000f000                        __rodata_start = .

.rodata         0x0000f000      0x140
 *(.rodata)
 .rodata        0x0000f000       0x40 drivers/framebuffer/framebuffer.armv7.a(framebuffer_console.armv7.o)
 .rodata        0x0000f040      0x100 drivers/keyboard/ps2_keyboard.armv7.a(ps2_keyboard.armv7.o)

.rodata.str1.4  0x0000f140     0x13f8
 .rodata.str1.4
                0x0000f140      0x1d6 kernel_main.armv7.o
 *fill*         0x0000f316        0x2 
 .rodata.str1.4
                0x0000f318      0x16a boot/boot-armv7.a(hardware_detect.armv7.o)
                                0x172 (size before relaxing)
 *fill*         0x0000f482        0x2 
 .rodata.str1.4
                0x0000f484      0x359 boot/boot-armv7.a(device_tree.armv7.o)
 *fill*         0x0000f7dd        0x3 
 .rodata.str1.4
                0x0000f7e0      0x123 interrupts/interrupts-armv7.a(interrupts.armv7.o)
 *fill*         0x0000f903        0x1 
 .rodata.str1.4
                0x0000f904      0x114 syscalls/syscalls-armv7.a(syscalls.armv7.o)
 .rodata.str1.4
                0x0000fa18       0x39 syscalls/syscalls-armv7.a(uname.armv7.o)
 *fill*         0x0000fa51        0x3 
 .rodata.str1.4
                0x0000fa54       0x8b fs/files.armv7.o
                                 0x93 (size before relaxing)
 *fill*         0x0000fadf        0x1 
 .rodata.str1.4
                0x0000fae0       0x59 fs/romfs/romfs-armv7.a(romfs.armv7.o)
 *fill*         0x0000fb39        0x3 
 .rodata.str1.4
                0x0000fb3c       0x57 drivers/block/block.armv7.a(ramdisk.armv7.o)
 *fill*         0x0000fb93        0x1 
 .rodata.str1.4
                0x0000fb94      0x105 drivers/framebuffer/framebuffer.armv7.a(framebuffer.armv7.o)
 *fill*         0x0000fc99        0x3 
 .rodata.str1.4
                0x0000fc9c       0x62 drivers/framebuffer/framebuffer.armv7.a(framebuffer_console.armv7.o)
 *fill*         0x0000fcfe        0x2 
 .rodata.str1.4
                0x0000fd00       0x56 drivers/led/led.armv7.a(led.armv7.o)
 *fill*         0x0000fd56        0x2 
 .rodata.str1.4
                0x0000fd58       0xa2 drivers/keyboard/ps2_keyboard.armv7.a(ps2_keyboard.armv7.o)
 *fill*         0x0000fdfa        0x2 
 .rodata.str1.4
                0x0000fdfc      0x11d drivers/firmware/firmware.armv7.a(mailbox.armv7.o)
 *fill*         0x0000ff19        0x3 
 .rodata.str1.4
                0x0000ff1c       0x7b drivers/gpio/gpio.armv7.a(gpio.armv7.o)
 *fill*         0x0000ff97        0x1 
 .rodata.str1.4
                0x0000ff98       0x40 drivers/serial/serial.armv7.a(pl011_uart.armv7.o)
 .rodata.str1.4
                0x0000ffd8       0x40 drivers/serial/serial.armv7.a(mini_uart.armv7.o)
 .rodata.str1.4
                0x0000ffd8      0x124 memory/memory-armv7.a(memory.armv7.o)
 .rodata.str1.4
                0x000100fc      0x19f memory/memory-armv7.a(armv7-mmu.o)
 *fill*         0x0001029b        0x1 
 .rodata.str1.4
                0x0001029c       0x8d processes/processes-armv7.a(process.armv7.o)
 *fill*         0x00010329        0x3 
 .rodata.str1.4
                0x0001032c       0x57 processes/processes-armv7.a(exec.armv7.o)
 *fill*         0x00010383        0x1 
 .rodata.str1.4
                0x00010384       0x39 processes/processes-armv7.a(idle_task.armv7.o)
 *fill*         0x000103bd        0x3 
 .rodata.str1.4
                0x000103c0       0x32 processes/processes-armv7.a(userspace.armv7.o)
                                 0x36 (size before relaxing)
 *fill*         0x000103f2        0x2 
 .rodata.str1.4
                0x000103f4       0x17 processes/processes-armv7.a(vfork.armv7.o)
 *fill*         0x0001040b        0x1 
 .rodata.str1.4
                0x0001040c       0x2d processes/processes-armv7.a(waitpid.armv7.o)
 *fill*         0x00010439        0x3 
 .rodata.str1.4
                0x0001043c       0xfc debug/debug-armv7.a(panic.armv7.o)
                                0x100 (size before relaxing)

.rel.dyn        0x00010538        0x0
 .rel.iplt      0x00010538        0x0 kernel_main.armv7.o
                0x00011000                        . = ALIGN (0x1000)
                0x00011000                        __rodata_end = .
                0x00011000                        __data_start = .

.data           0x00011000    0x20c2c
 *(.data)
 .data          0x00011000    0x1fc00 kernel_main.armv7.o
                0x00011000                initrd_image
 .data          0x00030c00        0x0 boot/boot-armv7.a(boot-armv7.o)
 .data          0x00030c00        0x4 boot/boot-armv7.a(hardware_detect.armv7.o)
                0x00030c00                hardware_type
 .data          0x00030c04        0x0 boot/boot-armv7.a(device_tree.armv7.o)
 .data          0x00030c04        0x0 interrupts/interrupts-armv7.a(interrupts.armv7.o)
 .data          0x00030c04        0x0 interrupts/interrupts-armv7.a(irq_handler.armv7.o)
 .data          0x00030c04        0x0 interrupts/interrupts-armv7.a(gic-400.armv7.o)
 .data          0x00030c04        0x0 syscalls/syscalls-armv7.a(swi_handler.armv7.o)
 .data          0x00030c04        0x0 syscalls/syscalls-armv7.a(syscalls.armv7.o)
 .data          0x00030c04        0x0 syscalls/syscalls-armv7.a(nanosleep.armv7.o)
 .data          0x00030c04        0x0 syscalls/syscalls-armv7.a(sysinfo.armv7.o)
 .data          0x00030c04        0x0 syscalls/syscalls-armv7.a(times.armv7.o)
 .data          0x00030c04        0x0 syscalls/syscalls-armv7.a(uname.armv7.o)
 .data          0x00030c04        0x0 fs/files.armv7.o
 .data          0x00030c04        0x0 fs/romfs/romfs-armv7.a(romfs.armv7.o)
 .data          0x00030c04        0x0 drivers/drivers.armv7.o
 .data          0x00030c04        0x0 drivers/bcm2835/bcm2835.armv7.a(bcm2835_io.armv7.o)
 .data          0x00030c04        0x0 drivers/block/block.armv7.a(ramdisk.armv7.o)
 .data          0x00030c04        0x0 drivers/console/console.armv7.a(console_io.armv7.o)
 .data          0x00030c04        0x0 drivers/framebuffer/framebuffer.armv7.a(framebuffer.armv7.o)
 .data          0x00030c04     0x1010 drivers/framebuffer/framebuffer.armv7.a(framebuffer_console.armv7.o)
                0x00030c14                default_font
 .data          0x00031c14        0x8 drivers/led/led.armv7.a(led.armv7.o)
 .data          0x00031c1c        0x0 drivers/serial/serial.armv7.a(serial.armv7.o)
 .data          0x00031c1c        0x4 drivers/timer/timer.armv7.a(sp804_timer.armv7.o)
                0x00031c1c                blinking_enabled
 .data          0x00031c20        0x8 drivers/keyboard/ps2_keyboard.armv7.a(ps2_keyboard.armv7.o)
                0x00031c20                gpio_data
                0x00031c24                gpio_clk
 .data          0x00031c28        0x0 drivers/firmware/firmware.armv7.a(mailbox.armv7.o)
 .data          0x00031c28        0x0 drivers/gpio/gpio.armv7.a(gpio.armv7.o)
 .data          0x00031c28        0x0 drivers/serial/serial.armv7.a(pl011_uart.armv7.o)
 .data          0x00031c28        0x0 drivers/serial/serial.armv7.a(mini_uart.armv7.o)
 .data          0x00031c28        0x0 memory/memory-armv7.a(memory.armv7.o)
 .data          0x00031c28        0x0 memory/memory-armv7.a(armv7-mmu.o)
 .data          0x00031c28        0x0 processes/processes-armv7.a(process.armv7.o)
 .data          0x00031c28        0x0 processes/processes-armv7.a(exec.armv7.o)
 .data          0x00031c28        0x0 processes/processes-armv7.a(exit.armv7.o)
 .data          0x00031c28        0x0 processes/processes-armv7.a(idle_task.armv7.o)
 .data          0x00031c28        0x4 processes/processes-armv7.a(scheduler.armv7.o)
                0x00031c28                scheduling_enabled
 .data          0x00031c2c        0x0 processes/processes-armv7.a(userspace.armv7.o)
 .data          0x00031c2c        0x0 processes/processes-armv7.a(vfork.armv7.o)
 .data          0x00031c2c        0x0 processes/processes-armv7.a(waitpid.armv7.o)
 .data          0x00031c2c        0x0 processes/processes-armv7.a(waitqueue.armv7.o)
 .data          0x00031c2c        0x0 debug/debug-armv7.a(panic.armv7.o)
 .data          0x00031c2c        0x0 time/time-armv7.a(time.armv7.o)
 .data          0x00031c2c        0x0 lib/lib-armv7.a(memcpy.armv7.o)
 .data          0x00031c2c        0x0 lib/lib-armv7.a(memset.armv7.o)
 .data          0x00031c2c        0x0 lib/lib-armv7.a(printk.armv7.o)
 .data          0x00031c2c        0x0 lib/lib-armv7.a(string.armv7.o)

.igot.plt       0x00031c2c        0x0
 .igot.plt      0x00031c2c        0x0 kernel_main.armv7.o
                0x00032000                        . = ALIGN (0x1000)
                0x00032000                        __data_end = .
                0x00032000                        __bss_start = .

.bss            0x00034000   0xc31008
                0x00034000                        bss = .
 *(.bss)
 .bss           0x00034000        0x0 kernel_main.armv7.o
 .bss           0x00034000        0x0 boot/boot-armv7.a(boot-armv7.o)
 .bss           0x00034000      0x410 boot/boot-armv7.a(hardware_detect.armv7.o)
                0x00034408                io_base
                0x0003440c                act_led_gpio
 .bss           0x00034410       0x2c boot/boot-armv7.a(device_tree.armv7.o)
                0x00034410                device_tree
 .bss           0x0003443c        0x0 interrupts/interrupts-armv7.a(interrupts.armv7.o)
 .bss           0x0003443c        0x0 interrupts/interrupts-armv7.a(irq_handler.armv7.o)
 .bss           0x0003443c        0x4 interrupts/interrupts-armv7.a(gic-400.armv7.o)
                0x0003443c                num_interrupts
 .bss           0x00034440        0x0 syscalls/syscalls-armv7.a(swi_handler.armv7.o)
 .bss           0x00034440        0x0 syscalls/syscalls-armv7.a(syscalls.armv7.o)
 .bss           0x00034440        0x0 syscalls/syscalls-armv7.a(nanosleep.armv7.o)
 .bss           0x00034440        0x0 syscalls/syscalls-armv7.a(sysinfo.armv7.o)
 .bss           0x00034440        0x0 syscalls/syscalls-armv7.a(times.armv7.o)
 .bss           0x00034440        0x0 syscalls/syscalls-armv7.a(uname.armv7.o)
 .bss           0x00034440      0x1c4 fs/files.armv7.o
                0x00034440                fd_table
                0x000345c4                superblock_table
 .bss           0x00034604        0x0 fs/romfs/romfs-armv7.a(romfs.armv7.o)
 .bss           0x00034604        0x0 drivers/drivers.armv7.o
 .bss           0x00034604        0x0 drivers/bcm2835/bcm2835.armv7.a(bcm2835_io.armv7.o)
 .bss           0x00034604        0xc drivers/block/block.armv7.a(ramdisk.armv7.o)
                0x00034604                ramdisk_info
 .bss           0x00034610      0x114 drivers/console/console.armv7.a(console_io.armv7.o)
                0x00034718                console_wait_queue
                0x0003471c                console_read_mutex
                0x00034720                console_write_mutex
 .bss           0x00034724   0xc0002c drivers/framebuffer/framebuffer.armv7.a(framebuffer.armv7.o)
                0x00034728                current_fb
 .bss           0x00c34750     0x1624 drivers/framebuffer/framebuffer.armv7.a(framebuffer_console.armv7.o)
 .bss           0x00c35d74        0x4 drivers/led/led.armv7.a(led.armv7.o)
 .bss           0x00c35d78       0x28 drivers/serial/serial.armv7.a(serial.armv7.o)
 .bss           0x00c35da0       0x10 drivers/timer/timer.armv7.a(sp804_timer.armv7.o)
                0x00c35da0                tick_counter
 .bss           0x00c35db0       0x30 drivers/keyboard/ps2_keyboard.armv7.a(ps2_keyboard.armv7.o)
                0x00c35db8                esc_key_pressed
 .bss           0x00c35de0        0x0 drivers/firmware/firmware.armv7.a(mailbox.armv7.o)
 .bss           0x00c35de0        0x8 drivers/gpio/gpio.armv7.a(gpio.armv7.o)
 .bss           0x00c35de8        0x0 drivers/serial/serial.armv7.a(pl011_uart.armv7.o)
 .bss           0x00c35de8        0x0 drivers/serial/serial.armv7.a(mini_uart.armv7.o)
 .bss           0x00c35de8     0x8008 memory/memory-armv7.a(memory.armv7.o)
 *fill*         0x00c3ddf0     0x2210 
 .bss           0x00c40000     0x4000 memory/memory-armv7.a(armv7-mmu.o)
                0x00c40000                page_table
 .bss           0x00c44000    0x21004 processes/processes-armv7.a(process.armv7.o)
                0x00c44000                proc_first
                0x00c44008                current_process
                0x00c65000                userspace_started
 .bss           0x00c65004        0x0 processes/processes-armv7.a(exec.armv7.o)
 .bss           0x00c65004        0x0 processes/processes-armv7.a(exit.armv7.o)
 .bss           0x00c65004        0x0 processes/processes-armv7.a(idle_task.armv7.o)
 .bss           0x00c65004        0x0 processes/processes-armv7.a(scheduler.armv7.o)
 .bss           0x00c65004        0x0 processes/processes-armv7.a(userspace.armv7.o)
 .bss           0x00c65004        0x0 processes/processes-armv7.a(vfork.armv7.o)
 .bss           0x00c65004        0x4 processes/processes-armv7.a(waitpid.armv7.o)
                0x00c65004                waitpid_wait_queue
 .bss           0x00c65008        0x0 processes/processes-armv7.a(waitqueue.armv7.o)
 .bss           0x00c65008        0x0 debug/debug-armv7.a(panic.armv7.o)
 .bss           0x00c65008        0x0 time/time-armv7.a(time.armv7.o)
 .bss           0x00c65008        0x0 lib/lib-armv7.a(memcpy.armv7.o)
 .bss           0x00c65008        0x0 lib/lib-armv7.a(memset.armv7.o)
 .bss           0x00c65008        0x0 lib/lib-armv7.a(printk.armv7.o)
 .bss           0x00c65008        0x0 lib/lib-armv7.a(string.armv7.o)
                0x00c66000                        . = ALIGN (0x1000)
                0x00c66000                        __bss_end = .
                0x00c66000                        __end = .
LOAD kernel_main.armv7.o
LOAD boot/boot-armv7.a
LOAD interrupts/interrupts-armv7.a
LOAD syscalls/syscalls-armv7.a
LOAD fs/fs-armv7.a
LOAD drivers/drivers-armv7.a
LOAD memory/memory-armv7.a
LOAD processes/processes-armv7.a
LOAD debug/debug-armv7.a
LOAD time/time-armv7.a
LOAD lib/lib-armv7.a
OUTPUT(kernel7.elf elf32-littlearm)
LOAD linker stubs

.comment        0x00000000       0x45
 .comment       0x00000000       0x45 kernel_main.armv7.o
                                 0x46 (size before relaxing)
 .comment       0x00000045       0x46 boot/boot-armv7.a(hardware_detect.armv7.o)
 .comment       0x00000045       0x46 boot/boot-armv7.a(device_tree.armv7.o)
 .comment       0x00000045       0x46 interrupts/interrupts-armv7.a(interrupts.armv7.o)
 .comment       0x00000045       0x46 interrupts/interrupts-armv7.a(gic-400.armv7.o)
 .comment       0x00000045       0x46 syscalls/syscalls-armv7.a(syscalls.armv7.o)
 .comment       0x00000045       0x46 syscalls/syscalls-armv7.a(nanosleep.armv7.o)
 .comment       0x00000045       0x46 syscalls/syscalls-armv7.a(sysinfo.armv7.o)
 .comment       0x00000045       0x46 syscalls/syscalls-armv7.a(times.armv7.o)
 .comment       0x00000045       0x46 syscalls/syscalls-armv7.a(uname.armv7.o)
 .comment       0x00000045       0x46 fs/files.armv7.o
 .comment       0x00000045       0x46 fs/romfs/romfs-armv7.a(romfs.armv7.o)
 .comment       0x00000045       0x46 drivers/drivers.armv7.o
 .comment       0x00000045       0x46 drivers/bcm2835/bcm2835.armv7.a(bcm2835_io.armv7.o)
 .comment       0x00000045       0x46 drivers/block/block.armv7.a(ramdisk.armv7.o)
 .comment       0x00000045       0x46 drivers/console/console.armv7.a(console_io.armv7.o)
 .comment       0x00000045       0x46 drivers/framebuffer/framebuffer.armv7.a(framebuffer.armv7.o)
 .comment       0x00000045       0x46 drivers/framebuffer/framebuffer.armv7.a(framebuffer_console.armv7.o)
 .comment       0x00000045       0x46 drivers/led/led.armv7.a(led.armv7.o)
 .comment       0x00000045       0x46 drivers/serial/serial.armv7.a(serial.armv7.o)
 .comment       0x00000045       0x46 drivers/timer/timer.armv7.a(sp804_timer.armv7.o)
 .comment       0x00000045       0x46 drivers/keyboard/ps2_keyboard.armv7.a(ps2_keyboard.armv7.o)
 .comment       0x00000045       0x46 drivers/firmware/firmware.armv7.a(mailbox.armv7.o)
 .comment       0x00000045       0x46 drivers/gpio/gpio.armv7.a(gpio.armv7.o)
 .comment       0x00000045       0x46 drivers/serial/serial.armv7.a(pl011_uart.armv7.o)
 .comment       0x00000045       0x46 drivers/serial/serial.armv7.a(mini_uart.armv7.o)
 .comment       0x00000045       0x46 memory/memory-armv7.a(memory.armv7.o)
 .comment       0x00000045       0x46 memory/memory-armv7.a(armv7-mmu.o)
 .comment       0x00000045       0x46 processes/processes-armv7.a(process.armv7.o)
 .comment       0x00000045       0x46 processes/processes-armv7.a(exec.armv7.o)
 .comment       0x00000045       0x46 processes/processes-armv7.a(exit.armv7.o)
 .comment       0x00000045       0x46 processes/processes-armv7.a(idle_task.armv7.o)
 .comment       0x00000045       0x46 processes/processes-armv7.a(scheduler.armv7.o)
 .comment       0x00000045       0x46 processes/processes-armv7.a(userspace.armv7.o)
 .comment       0x00000045       0x46 processes/processes-armv7.a(vfork.armv7.o)
 .comment       0x00000045       0x46 processes/processes-armv7.a(waitpid.armv7.o)
 .comment       0x00000045       0x46 processes/processes-armv7.a(waitqueue.armv7.o)
 .comment       0x00000045       0x46 debug/debug-armv7.a(panic.armv7.o)
 .comment       0x00000045       0x46 time/time-armv7.a(time.armv7.o)
 .comment       0x00000045       0x46 lib/lib-armv7.a(memcpy.armv7.o)
 .comment       0x00000045       0x46 lib/lib-armv7.a(memset.armv7.o)
 .comment       0x00000045       0x46 lib/lib-armv7.a(printk.armv7.o)
 .comment       0x00000045       0x46 lib/lib-armv7.a(string.armv7.o)

.ARM.attributes
                0x00000000       0x39
 .ARM.attributes
                0x00000000       0x2f kernel_main.armv7.o
 .ARM.attributes
                0x0000002f       0x29 boot/boot-armv7.a(boot-armv7.o)
 .ARM.attributes
                0x00000058       0x35 boot/boot-armv7.a(hardware_detect.armv7.o)
 .ARM.attributes
                0x0000008d       0x35 boot/boot-armv7.a(device_tree.armv7.o)
 .ARM.attributes
                0x000000c2       0x35 interrupts/interrupts-armv7.a(interrupts.armv7.o)
 .ARM.attributes
                0x000000f7       0x29 interrupts/interrupts-armv7.a(irq_handler.armv7.o)
 .ARM.attributes
                0x00000120       0x35 interrupts/interrupts-armv7.a(gic-400.armv7.o)
 .ARM.attributes
                0x00000155       0x29 syscalls/syscalls-armv7.a(swi_handler.armv7.o)
 .ARM.attributes
                0x0000017e       0x35 syscalls/syscalls-armv7.a(syscalls.armv7.o)
 .ARM.attributes
                0x000001b3       0x35 syscalls/syscalls-armv7.a(nanosleep.armv7.o)
 .ARM.attributes
                0x000001e8       0x35 syscalls/syscalls-armv7.a(sysinfo.armv7.o)
 .ARM.attributes
                0x0000021d       0x35 syscalls/syscalls-armv7.a(times.armv7.o)
 .ARM.attributes
                0x00000252       0x35 syscalls/syscalls-armv7.a(uname.armv7.o)
 .ARM.attributes
                0x00000287       0x35 fs/files.armv7.o
 .ARM.attributes
                0x000002bc       0x35 fs/romfs/romfs-armv7.a(romfs.armv7.o)
 .ARM.attributes
                0x000002f1       0x35 drivers/drivers.armv7.o
 .ARM.attributes
                0x00000326       0x35 drivers/bcm2835/bcm2835.armv7.a(bcm2835_io.armv7.o)
 .ARM.attributes
                0x0000035b       0x35 drivers/block/block.armv7.a(ramdisk.armv7.o)
 .ARM.attributes
                0x00000390       0x35 drivers/console/console.armv7.a(console_io.armv7.o)
 .ARM.attributes
                0x000003c5       0x35 drivers/framebuffer/framebuffer.armv7.a(framebuffer.armv7.o)
 .ARM.attributes
                0x000003fa       0x35 drivers/framebuffer/framebuffer.armv7.a(framebuffer_console.armv7.o)
 .ARM.attributes
                0x0000042f       0x35 drivers/led/led.armv7.a(led.armv7.o)
 .ARM.attributes
                0x00000464       0x35 drivers/serial/serial.armv7.a(serial.armv7.o)
 .ARM.attributes
                0x00000499       0x35 drivers/timer/timer.armv7.a(sp804_timer.armv7.o)
 .ARM.attributes
                0x000004ce       0x35 drivers/keyboard/ps2_keyboard.armv7.a(ps2_keyboard.armv7.o)
 .ARM.attributes
                0x00000503       0x35 drivers/firmware/firmware.armv7.a(mailbox.armv7.o)
 .ARM.attributes
                0x00000538       0x35 drivers/gpio/gpio.armv7.a(gpio.armv7.o)
 .ARM.attributes
                0x0000056d       0x35 drivers/serial/serial.armv7.a(pl011_uart.armv7.o)
 .ARM.attributes
                0x000005a2       0x35 drivers/serial/serial.armv7.a(mini_uart.armv7.o)
 .ARM.attributes
                0x000005d7       0x35 memory/memory-armv7.a(memory.armv7.o)
 .ARM.attributes
                0x0000060c       0x35 memory/memory-armv7.a(armv7-mmu.o)
 .ARM.attributes
                0x00000641       0x35 processes/processes-armv7.a(process.armv7.o)
 .ARM.attributes
                0x00000676       0x35 processes/processes-armv7.a(exec.armv7.o)
 .ARM.attributes
                0x000006ab       0x35 processes/processes-armv7.a(exit.armv7.o)
 .ARM.attributes
                0x000006e0       0x35 processes/processes-armv7.a(idle_task.armv7.o)
 .ARM.attributes
                0x00000715       0x35 processes/processes-armv7.a(scheduler.armv7.o)
 .ARM.attributes
                0x0000074a       0x35 processes/processes-armv7.a(userspace.armv7.o)
 .ARM.attributes
                0x0000077f       0x2f processes/processes-armv7.a(vfork.armv7.o)
 .ARM.attributes
                0x000007ae       0x2f processes/processes-armv7.a(waitpid.armv7.o)
 .ARM.attributes
                0x000007dd       0x2f processes/processes-armv7.a(waitqueue.armv7.o)
 .ARM.attributes
                0x0000080c       0x35 debug/debug-armv7.a(panic.armv7.o)
 .ARM.attributes
                0x00000841       0x35 time/time-armv7.a(time.armv7.o)
 .ARM.attributes
                0x00000876       0x35 lib/lib-armv7.a(memcpy.armv7.o)
 .ARM.attributes
                0x000008ab       0x35 lib/lib-armv7.a(memset.armv7.o)
 .ARM.attributes
                0x000008e0       0x35 lib/lib-armv7.a(printk.armv7.o)
 .ARM.attributes
                0x00000915       0x35 lib/lib-armv7.a(string.armv7.o)
